Component: Arm Compiler for Embedded 6.22 Tool: armlink [5ee90200]

==============================================================================

Section Cross References

    startup_stm32f103xb.o(RESET) refers to startup_stm32f103xb.o(STACK) for __initial_sp
    startup_stm32f103xb.o(RESET) refers to startup_stm32f103xb.o(.text) for Reset_Handler
    startup_stm32f103xb.o(RESET) refers to stm32f1xx_it.o(.text.NMI_Handler) for NMI_Handler
    startup_stm32f103xb.o(RESET) refers to stm32f1xx_it.o(.text.HardFault_Handler) for HardFault_Handler
    startup_stm32f103xb.o(RESET) refers to stm32f1xx_it.o(.text.MemManage_Handler) for MemManage_Handler
    startup_stm32f103xb.o(RESET) refers to stm32f1xx_it.o(.text.BusFault_Handler) for BusFault_Handler
    startup_stm32f103xb.o(RESET) refers to stm32f1xx_it.o(.text.UsageFault_Handler) for UsageFault_Handler
    startup_stm32f103xb.o(RESET) refers to stm32f1xx_it.o(.text.SVC_Handler) for SVC_Handler
    startup_stm32f103xb.o(RESET) refers to stm32f1xx_it.o(.text.DebugMon_Handler) for DebugMon_Handler
    startup_stm32f103xb.o(RESET) refers to stm32f1xx_it.o(.text.PendSV_Handler) for PendSV_Handler
    startup_stm32f103xb.o(RESET) refers to stm32f1xx_it.o(.text.SysTick_Handler) for SysTick_Handler
    startup_stm32f103xb.o(RESET) refers to stm32f1xx_it.o(.text.EXTI2_IRQHandler) for EXTI2_IRQHandler
    startup_stm32f103xb.o(RESET) refers to stm32f1xx_it.o(.text.EXTI3_IRQHandler) for EXTI3_IRQHandler
    startup_stm32f103xb.o(RESET) refers to stm32f1xx_it.o(.text.EXTI4_IRQHandler) for EXTI4_IRQHandler
    startup_stm32f103xb.o(RESET) refers to stm32f1xx_it.o(.text.DMA1_Channel1_IRQHandler) for DMA1_Channel1_IRQHandler
    startup_stm32f103xb.o(RESET) refers to stm32f1xx_it.o(.text.EXTI9_5_IRQHandler) for EXTI9_5_IRQHandler
    startup_stm32f103xb.o(.text) refers to system_stm32f1xx.o(.text.SystemInit) for SystemInit
    startup_stm32f103xb.o(.text) refers to entry.o(.ARM.Collect$$$$00000000) for __main
    user.o(.text.phy_conn_cb) refers to user.o(.data.status) for status
    user.o(.ARM.exidx.text.phy_conn_cb) refers to user.o(.text.phy_conn_cb) for [Anonymous Symbol]
    user.o(.text.phy_disconn_cb) refers to user.o(.data.socket0_send_done) for socket0_send_done
    user.o(.text.phy_disconn_cb) refers to user.o(.data.status) for status
    user.o(.ARM.exidx.text.phy_disconn_cb) refers to user.o(.text.phy_disconn_cb) for [Anonymous Symbol]
    user.o(.text.dhcp_success_cb) refers to user.o(.data.status) for status
    user.o(.ARM.exidx.text.dhcp_success_cb) refers to user.o(.text.dhcp_success_cb) for [Anonymous Symbol]
    user.o(.text.socket_send_buf_free_cb) refers to user.o(.data.socket0_send_done) for socket0_send_done
    user.o(.text.socket_send_buf_free_cb) refers to user.o(.data.socket1_send_done) for socket1_send_done
    user.o(.ARM.exidx.text.socket_send_buf_free_cb) refers to user.o(.text.socket_send_buf_free_cb) for [Anonymous Symbol]
    user.o(.text.socket_recv_cb) refers to atk_mo395q_cmd.o(.text.atk_mo395q_cmd_get_recv_len_sn) for atk_mo395q_cmd_get_recv_len_sn
    user.o(.text.socket_recv_cb) refers to atk_mo395q_cmd.o(.text.atk_mo395q_cmd_read_recv_buf_sn) for atk_mo395q_cmd_read_recv_buf_sn
    user.o(.text.socket_recv_cb) refers to user.o(.text.Deal_Recv) for Deal_Recv
    user.o(.ARM.exidx.text.socket_recv_cb) refers to user.o(.text.socket_recv_cb) for [Anonymous Symbol]
    user.o(.text.Deal_Recv) refers to user.o(.data.status) for status
    user.o(.text.Deal_Recv) refers to user.o(.data.socket0_send_done) for socket0_send_done
    user.o(.text.Deal_Recv) refers to user.o(.bss.socket0_send_buf) for socket0_send_buf
    user.o(.text.Deal_Recv) refers to user.o(.data.IP) for IP
    user.o(.text.Deal_Recv) refers to user.o(.data.call_name) for call_name
    user.o(.text.Deal_Recv) refers to user.o(.data.data_type) for data_type
    user.o(.text.Deal_Recv) refers to main.o(.bss.dataBuf) for dataBuf
    user.o(.text.Deal_Recv) refers to atk_mo395q_cmd.o(.text.atk_mo395q_cmd_write_send_buf_sn) for atk_mo395q_cmd_write_send_buf_sn
    user.o(.text.Deal_Recv) refers to user.o(.data.socket1_send_done) for socket1_send_done
    user.o(.text.Deal_Recv) refers to user.o(.bss.socket1_send_buf) for socket1_send_buf
    user.o(.text.Deal_Recv) refers to stm32f1xx_hal_gpio.o(.text.HAL_GPIO_WritePin) for HAL_GPIO_WritePin
    user.o(.text.Deal_Recv) refers to tim.o(.bss.htim2) for htim2
    user.o(.text.Deal_Recv) refers to tim.o(.bss.htim4) for htim4
    user.o(.ARM.exidx.text.Deal_Recv) refers to user.o(.text.Deal_Recv) for [Anonymous Symbol]
    user.o(.text.system_init) refers to delay.o(.text.delay_init) for delay_init
    user.o(.text.system_init) refers to atk_mo395q.o(.text.atk_mo395q_init) for atk_mo395q_init
    user.o(.text.system_init) refers to user.o(.text.dhcp_success_cb) for dhcp_success_cb
    user.o(.text.system_init) refers to user.o(.text.phy_disconn_cb) for phy_disconn_cb
[...]
    [Anonymous Symbol]                       0x0800317c   Section        0  spi.o(.text.HAL_SPI_MspInit)
    [Anonymous Symbol]                       0x08003214   Section        0  stm32f1xx_hal_spi.o(.text.HAL_SPI_TransmitReceive)
    [Anonymous Symbol]                       0x080035b8   Section        0  stm32f1xx_hal_cortex.o(.text.HAL_SYSTICK_CLKSourceConfig)
    [Anonymous Symbol]                       0x080035ec   Section        0  stm32f1xx_hal_cortex.o(.text.HAL_SYSTICK_Config)
    [Anonymous Symbol]                       0x080035fc   Section        0  stm32f1xx_hal_tim_ex.o(.text.HAL_TIMEx_MasterConfigSynchronization)
    [Anonymous Symbol]                       0x080036d8   Section        0  stm32f1xx_hal_tim.o(.text.HAL_TIM_Base_Init)
    [Anonymous Symbol]                       0x08003774   Section        0  tim.o(.text.HAL_TIM_Base_MspInit)
    [Anonymous Symbol]                       0x08003844   Section        0  stm32f1xx_hal_tim.o(.text.HAL_TIM_Base_Start)
    [Anonymous Symbol]                       0x080038e8   Section        0  stm32f1xx_hal_tim.o(.text.HAL_TIM_ConfigClockSource)
    [Anonymous Symbol]                       0x08003a6c   Section        0  tim.o(.text.HAL_TIM_MspPostInit)
    [Anonymous Symbol]                       0x08003b40   Section        0  stm32f1xx_hal_tim.o(.text.HAL_TIM_PWM_ConfigChannel)
    [Anonymous Symbol]                       0x08003c84   Section        0  stm32f1xx_hal_tim.o(.text.HAL_TIM_PWM_Init)
    [Anonymous Symbol]                       0x08003d20   Section        0  stm32f1xx_hal_tim.o(.text.HAL_TIM_PWM_MspInit)
    [Anonymous Symbol]                       0x08003d28   Section        0  stm32f1xx_hal_uart.o(.text.HAL_UART_Init)
    [Anonymous Symbol]                       0x08003dc8   Section        0  usart.o(.text.HAL_UART_MspInit)
    [Anonymous Symbol]                       0x08003e5c   Section        0  stm32f1xx_it.o(.text.HardFault_Handler)
    [Anonymous Symbol]                       0x08003e60   Section        0  oled.o(.text.IIC_Start)
    [Anonymous Symbol]                       0x08003eb4   Section        0  oled.o(.text.IIC_Stop)
    [Anonymous Symbol]                       0x08003efc   Section        0  oled.o(.text.IIC_Wait_Ack)
    [Anonymous Symbol]                       0x08003f58   Section        0  adc.o(.text.MX_ADC1_Init)
    [Anonymous Symbol]                       0x080040a4   Section        0  dma.o(.text.MX_DMA_Init)
    [Anonymous Symbol]                       0x080040dc   Section        0  gpio.o(.text.MX_GPIO_Init)
    [Anonymous Symbol]                       0x08004274   Section        0  spi.o(.text.MX_SPI2_Init)
    [Anonymous Symbol]                       0x080042c4   Section        0  tim.o(.text.MX_TIM1_Init)
    [Anonymous Symbol]                       0x08004350   Section        0  tim.o(.text.MX_TIM2_Init)
    [Anonymous Symbol]                       0x08004424   Section        0  tim.o(.text.MX_TIM3_Init)
    [Anonymous Symbol]                       0x080044ac   Section        0  tim.o(.text.MX_TIM4_Init)
    [Anonymous Symbol]                       0x08004588   Section        0  usart.o(.text.MX_USART2_UART_Init)
    [Anonymous Symbol]                       0x080045c8   Section        0  stm32f1xx_it.o(.text.MemManage_Handler)
    [Anonymous Symbol]                       0x080045cc   Section        0  stm32f1xx_it.o(.text.NMI_Handler)
    NVIC_EncodePriority                      0x080045d1   Thumb Code   108  stm32f1xx_hal_cortex.o(.text.NVIC_EncodePriority)
    [Anonymous Symbol]                       0x080045d0   Section        0  stm32f1xx_hal_cortex.o(.text.NVIC_EncodePriority)
    [Anonymous Symbol]                       0x0800463c   Section        0  oled.o(.text.OLED_Clear)
    [Anonymous Symbol]                       0x080046ac   Section        0  oled.o(.text.OLED_Init)
    [Anonymous Symbol]                       0x08004774   Section        0  oled.o(.text.OLED_Set_Pos)
    [Anonymous Symbol]                       0x080047b0   Section        0  oled.o(.text.OLED_ShowChar_Complete)
    [Anonymous Symbol]                       0x080049f4   Section        0  oled.o(.text.OLED_ShowString)
    [Anonymous Symbol]                       0x08004a80   Section        0  oled.o(.text.OLED_WR_Byte)
    [Anonymous Symbol]                       0x08004aa8   Section        0  stm32f1xx_it.o(.text.PendSV_Handler)
    RCC_Delay                                0x08004aad   Thumb Code    58  stm32f1xx_hal_rcc.o(.text.RCC_Delay)
    [Anonymous Symbol]                       0x08004aac   Section        0  stm32f1xx_hal_rcc.o(.text.RCC_Delay)
    SPI_EndRxTxTransaction                   0x08004ae9   Thumb Code   106  stm32f1xx_hal_spi.o(.text.SPI_EndRxTxTransaction)
    [Anonymous Symbol]                       0x08004ae8   Section        0  stm32f1xx_hal_spi.o(.text.SPI_EndRxTxTransaction)
    SPI_WaitFlagStateUntilTimeout            0x08004b55   Thumb Code   298  stm32f1xx_hal_spi.o(.text.SPI_WaitFlagStateUntilTimeout)
    [Anonymous Symbol]                       0x08004b54   Section        0  stm32f1xx_hal_spi.o(.text.SPI_WaitFlagStateUntilTimeout)
    [Anonymous Symbol]                       0x08004c80   Section        0  stm32f1xx_it.o(.text.SVC_Handler)
    SysTick_Config                           0x08004c85   Thumb Code    82  stm32f1xx_hal_cortex.o(.text.SysTick_Config)
    [Anonymous Symbol]                       0x08004c84   Section        0  stm32f1xx_hal_cortex.o(.text.SysTick_Config)
    [Anonymous Symbol]                       0x08004cd8   Section        0  stm32f1xx_it.o(.text.SysTick_Handler)
    [Anonymous Symbol]                       0x08004ce0   Section        0  main.o(.text.SystemClock_Config)
    [Anonymous Symbol]                       0x08004d70   Section        0  system_stm32f1xx.o(.text.SystemInit)
    [Anonymous Symbol]                       0x08004d74   Section        0  stm32f1xx_hal_tim.o(.text.TIM_Base_SetConfig)
    [Anonymous Symbol]                       0x08004e7c   Section        0  stm32f1xx_hal_tim.o(.text.TIM_ETR_SetConfig)
    TIM_ITRx_SetConfig                       0x08004eb1   Thumb Code    42  stm32f1xx_hal_tim.o(.text.TIM_ITRx_SetConfig)
    [Anonymous Symbol]                       0x08004eb0   Section        0  stm32f1xx_hal_tim.o(.text.TIM_ITRx_SetConfig)
    TIM_OC1_SetConfig                        0x08004edd   Thumb Code   206  stm32f1xx_hal_tim.o(.text.TIM_OC1_SetConfig)
    [Anonymous Symbol]                       0x08004edc   Section        0  stm32f1xx_hal_tim.o(.text.TIM_OC1_SetConfig)
    [Anonymous Symbol]                       0x08004fac   Section        0  stm32f1xx_hal_tim.o(.text.TIM_OC2_SetConfig)
    TIM_OC3_SetConfig                        0x08005085   Thumb Code   214  stm32f1xx_hal_tim.o(.text.TIM_OC3_SetConfig)
    [Anonymous Symbol]                       0x08005084   Section        0  stm32f1xx_hal_tim.o(.text.TIM_OC3_SetConfig)
    TIM_OC4_SetConfig                        0x0800515d   Thumb Code   150  stm32f1xx_hal_tim.o(.text.TIM_OC4_SetConfig)
    [Anonymous Symbol]                       0x0800515c   Section        0  stm32f1xx_hal_tim.o(.text.TIM_OC4_SetConfig)
    TIM_TI1_ConfigInputStage                 0x080051f5   Thumb Code    80  stm32f1xx_hal_tim.o(.text.TIM_TI1_ConfigInputStage)
    [Anonymous Symbol]                       0x080051f4   Section        0  stm32f1xx_hal_tim.o(.text.TIM_TI1_ConfigInputStage)
    TIM_TI2_ConfigInputStage                 0x08005245   Thumb Code    82  stm32f1xx_hal_tim.o(.text.TIM_TI2_ConfigInputStage)
    [Anonymous Symbol]                       0x08005244   Section        0  stm32f1xx_hal_tim.o(.text.TIM_TI2_ConfigInputStage)
    UART_SetConfig                           0x08005299   Thumb Code   186  stm32f1xx_hal_uart.o(.text.UART_SetConfig)
    [Anonymous Symbol]                       0x08005298   Section        0  stm32f1xx_hal_uart.o(.text.UART_SetConfig)
    [Anonymous Symbol]                       0x08005354   Section        0  stm32f1xx_it.o(.text.UsageFault_Handler)
    [Anonymous Symbol]                       0x08005358   Section        0  oled.o(.text.Write_IIC_Byte)
    [Anonymous Symbol]                       0x08005410   Section        0  oled.o(.text.Write_IIC_Command)
    [Anonymous Symbol]                       0x08005444   Section        0  oled.o(.text.Write_IIC_Data)
    __NVIC_EnableIRQ                         0x08005479   Thumb Code    48  stm32f1xx_hal_cortex.o(.text.__NVIC_EnableIRQ)
    [Anonymous Symbol]                       0x08005478   Section        0  stm32f1xx_hal_cortex.o(.text.__NVIC_EnableIRQ)
    __NVIC_GetPriorityGrouping               0x080054a9   Thumb Code    16  stm32f1xx_hal_cortex.o(.text.__NVIC_GetPriorityGrouping)
    [Anonymous Symbol]                       0x080054a8   Section        0  stm32f1xx_hal_cortex.o(.text.__NVIC_GetPriorityGrouping)
    __NVIC_SetPriority                       0x080054b9   Thumb Code    66  stm32f1xx_hal_cortex.o(.text.__NVIC_SetPriority)
    [Anonymous Symbol]                       0x080054b8   Section        0  stm32f1xx_hal_cortex.o(.text.__NVIC_SetPriority)
    __NVIC_SetPriorityGrouping               0x080054fd   Thumb Code    60  stm32f1xx_hal_cortex.o(.text.__NVIC_SetPriorityGrouping)
    [Anonymous Symbol]                       0x080054fc   Section        0  stm32f1xx_hal_cortex.o(.text.__NVIC_SetPriorityGrouping)
    [Anonymous Symbol]                       0x08005538   Section        0  atk_mo395q_cmd.o(.text.atk_mo395q_cmd_check_exist)
    [Anonymous Symbol]                       0x08005564   Section        0  atk_mo395q_cmd.o(.text.atk_mo395q_cmd_close_socket_sn)
    [Anonymous Symbol]                       0x080055d4   Section        0  atk_mo395q_cmd.o(.text.atk_mo395q_cmd_dhcp_enable)
    [Anonymous Symbol]                       0x08005644   Section        0  atk_mo395q_cmd.o(.text.atk_mo395q_cmd_get_cmd_status)
    [Anonymous Symbol]                       0x08005664   Section        0  atk_mo395q_cmd.o(.text.atk_mo395q_cmd_get_dhcp_status)
    [Anonymous Symbol]                       0x0800569c   Section        0  atk_mo395q_cmd.o(.text.atk_mo395q_cmd_get_glob_int_status_all)
    [Anonymous Symbol]                       0x080056d4   Section        0  atk_mo395q_cmd.o(.text.atk_mo395q_cmd_get_ic_version)
    [Anonymous Symbol]                       0x080056f4   Section        0  atk_mo395q_cmd.o(.text.atk_mo395q_cmd_get_int_status_sn)
    [Anonymous Symbol]                       0x08005724   Section        0  atk_mo395q_cmd.o(.text.atk_mo395q_cmd_get_ip_inf)
    [Anonymous Symbol]                       0x080057e4   Section        0  atk_mo395q_cmd.o(.text.atk_mo395q_cmd_get_phy_status)
    [Anonymous Symbol]                       0x08005804   Section        0  atk_mo395q_cmd.o(.text.atk_mo395q_cmd_get_recv_len_sn)
    [Anonymous Symbol]                       0x08005840   Section        0  atk_mo395q_cmd.o(.text.atk_mo395q_cmd_get_remot_ipp_sn)
    [Anonymous Symbol]                       0x0800589c   Section        0  atk_mo395q_cmd.o(.text.atk_mo395q_cmd_init_ch395)
    [Anonymous Symbol]                       0x08005900   Section        0  atk_mo395q_cmd.o(.text.atk_mo395q_cmd_open_socket_sn)
    [Anonymous Symbol]                       0x08005970   Section        0  atk_mo395q_cmd.o(.text.atk_mo395q_cmd_read_recv_buf_sn)
    [Anonymous Symbol]                       0x080059e8   Section        0  atk_mo395q_cmd.o(.text.atk_mo395q_cmd_reset_all)
    [Anonymous Symbol]                       0x080059f8   Section        0  atk_mo395q_cmd.o(.text.atk_mo395q_cmd_set_des_port_sn)
    [Anonymous Symbol]                       0x08005a2c   Section        0  atk_mo395q_cmd.o(.text.atk_mo395q_cmd_set_gwip_addr)
    [Anonymous Symbol]                       0x08005a6c   Section        0  atk_mo395q_cmd.o(.text.atk_mo395q_cmd_set_ip_addr)
    [Anonymous Symbol]                       0x08005aac   Section        0  atk_mo395q_cmd.o(.text.atk_mo395q_cmd_set_ip_addr_sn)
    [Anonymous Symbol]                       0x08005aec   Section        0  atk_mo395q_cmd.o(.text.atk_mo395q_cmd_set_keep_live_cnt)
    [Anonymous Symbol]                       0x08005b0c   Section        0  atk_mo395q_cmd.o(.text.atk_mo395q_cmd_set_keep_live_idle)
    [Anonymous Symbol]                       0x08005b40   Section        0  atk_mo395q_cmd.o(.text.atk_mo395q_cmd_set_keep_live_intvl)
    [Anonymous Symbol]                       0x08005b74   Section        0  atk_mo395q_cmd.o(.text.atk_mo395q_cmd_set_keep_live_sn)
    [Anonymous Symbol]                       0x08005ba0   Section        0  atk_mo395q_cmd.o(.text.atk_mo395q_cmd_set_mask_addr)
    [Anonymous Symbol]                       0x08005be0   Section        0  atk_mo395q_cmd.o(.text.atk_mo395q_cmd_set_proto_type_sn)
    [Anonymous Symbol]                       0x08005c0c   Section        0  atk_mo395q_cmd.o(.text.atk_mo395q_cmd_set_sour_port_sn)
    [Anonymous Symbol]                       0x08005c40   Section        0  atk_mo395q_cmd.o(.text.atk_mo395q_cmd_set_ttl)
    [Anonymous Symbol]                       0x08005c6c   Section        0  atk_mo395q_cmd.o(.text.atk_mo395q_cmd_tcp_connect_sn)
    [Anonymous Symbol]                       0x08005cdc   Section        0  atk_mo395q_cmd.o(.text.atk_mo395q_cmd_tcp_listen_sn)
    [Anonymous Symbol]                       0x08005d4c   Section        0  atk_mo395q_cmd.o(.text.atk_mo395q_cmd_write_send_buf_sn)
    atk_mo395q_global_interrupt_handler      0x08005db1   Thumb Code   258  atk_mo395q.o(.text.atk_mo395q_global_interrupt_handler)
    [Anonymous Symbol]                       0x08005db0   Section        0  atk_mo395q.o(.text.atk_mo395q_global_interrupt_handler)
    [Anonymous Symbol]                       0x08005eb4   Section        0  atk_mo395q.o(.text.atk_mo395q_handler)
    atk_mo395q_hw_init                       0x0800641d   Thumb Code    26  atk_mo395q.o(.text.atk_mo395q_hw_init)
    [Anonymous Symbol]                       0x0800641c   Section        0  atk_mo395q.o(.text.atk_mo395q_hw_init)
    atk_mo395q_hw_reset                      0x08006439   Thumb Code    60  atk_mo395q.o(.text.atk_mo395q_hw_reset)
    [Anonymous Symbol]                       0x08006438   Section        0  atk_mo395q.o(.text.atk_mo395q_hw_reset)
    [Anonymous Symbol]                       0x08006474   Section        0  atk_mo395q.o(.text.atk_mo395q_init)
    atk_mo395q_keeplive_init                 0x080064d5   Thumb Code    26  atk_mo395q.o(.text.atk_mo395q_keeplive_init)
    [Anonymous Symbol]                       0x080064d4   Section        0  atk_mo395q.o(.text.atk_mo395q_keeplive_init)
    [Anonymous Symbol]                       0x080064f0   Section        0  atk_mo395q.o(.text.atk_mo395q_net_config)
    atk_mo395q_parameter_init                0x080065d5   Thumb Code   102  atk_mo395q.o(.text.atk_mo395q_parameter_init)
    [Anonymous Symbol]                       0x080065d4   Section        0  atk_mo395q.o(.text.atk_mo395q_parameter_init)
    [Anonymous Symbol]                       0x0800663c   Section        0  atk_mo395q.o(.text.atk_mo395q_socket_config)
    atk_mo395q_socket_interrupt_handler      0x080066c1   Thumb Code   472  atk_mo395q.o(.text.atk_mo395q_socket_interrupt_handler)
    [Anonymous Symbol]                       0x080066c0   Section        0  atk_mo395q.o(.text.atk_mo395q_socket_interrupt_handler)
    atk_mo395q_spi_end_cmd                   0x08006899   Thumb Code    26  atk_mo395q_cmd.o(.text.atk_mo395q_spi_end_cmd)
    [Anonymous Symbol]                       0x08006898   Section        0  atk_mo395q_cmd.o(.text.atk_mo395q_spi_end_cmd)
    atk_mo395q_spi_end_cmd                   0x080068b5   Thumb Code    26  atk_mo395q_spi.o(.text.atk_mo395q_spi_end_cmd)
    [Anonymous Symbol]                       0x080068b4   Section        0  atk_mo395q_spi.o(.text.atk_mo395q_spi_end_cmd)
    [Anonymous Symbol]                       0x080068d0   Section        0  atk_mo395q_spi.o(.text.atk_mo395q_spi_init)
    [Anonymous Symbol]                       0x080068ec   Section        0  atk_mo395q_spi.o(.text.atk_mo395q_spi_read_dat)
    atk_mo395q_spi_start_cmd                 0x08006905   Thumb Code    26  atk_mo395q_spi.o(.text.atk_mo395q_spi_start_cmd)
    [Anonymous Symbol]                       0x08006904   Section        0  atk_mo395q_spi.o(.text.atk_mo395q_spi_start_cmd)
    [Anonymous Symbol]                       0x08006920   Section        0  atk_mo395q_spi.o(.text.atk_mo395q_spi_write_cmd)
    [Anonymous Symbol]                       0x08006944   Section        0  atk_mo395q_spi.o(.text.atk_mo395q_spi_write_dat)
    atk_mo395q_spi_write_read_byte           0x08006959   Thumb Code    46  atk_mo395q_spi.o(.text.atk_mo395q_spi_write_read_byte)
    [Anonymous Symbol]                       0x08006958   Section        0  atk_mo395q_spi.o(.text.atk_mo395q_spi_write_read_byte)
    atk_mo395q_sw_reset                      0x08006989   Thumb Code    14  atk_mo395q.o(.text.atk_mo395q_sw_reset)
    [Anonymous Symbol]                       0x08006988   Section        0  atk_mo395q.o(.text.atk_mo395q_sw_reset)
    [Anonymous Symbol]                       0x08006998   Section        0  delay.o(.text.delay_init)
    [Anonymous Symbol]                       0x080069c4   Section        0  delay.o(.text.delay_ms)
    [Anonymous Symbol]                       0x08006a24   Section        0  delay.o(.text.delay_us)
    [Anonymous Symbol]                       0x08006ab0   Section        0  user.o(.text.dhcp_success_cb)
    [Anonymous Symbol]                       0x08006ad0   Section        0  main.o(.text.main)
    [Anonymous Symbol]                       0x08006b90   Section        0  user.o(.text.phy_conn_cb)
    [Anonymous Symbol]                       0x08006bb4   Section        0  user.o(.text.phy_disconn_cb)
    [Anonymous Symbol]                       0x08006bd0   Section        0  user.o(.text.socket_recv_cb)
    [Anonymous Symbol]                       0x08006c20   Section        0  user.o(.text.socket_send_buf_free_cb)
    [Anonymous Symbol]                       0x08006c5c   Section        0  user.o(.text.system_init)
    [Anonymous Symbol]                       0x08006dc0   Section        0  user.o(.text.system_run)
    i.__0sprintf                             0x08006ebc   Section        0  printfa.o(i.__0sprintf)
    i.__scatterload_copy                     0x08006ee4   Section       14  handlers.o(i.__scatterload_copy)
    i.__scatterload_null                     0x08006ef2   Section        2  handlers.o(i.__scatterload_null)
    i.__scatterload_zeroinit                 0x08006ef4   Section       14  handlers.o(i.__scatterload_zeroinit)
    _fp_digits                               0x08006f05   Thumb Code   366  printfa.o(i._fp_digits)
    i._fp_digits                             0x08006f04   Section        0  printfa.o(i._fp_digits)
    _printf_core                             0x08007089   Thumb Code  1744  printfa.o(i._printf_core)
    i._printf_core                           0x08007088   Section        0  printfa.o(i._printf_core)
    _printf_post_padding                     0x08007765   Thumb Code    36  printfa.o(i._printf_post_padding)
    i._printf_post_padding                   0x08007764   Section        0  printfa.o(i._printf_post_padding)
    _printf_pre_padding                      0x08007789   Thumb Code    46  printfa.o(i._printf_pre_padding)
    i._printf_pre_padding                    0x08007788   Section        0  printfa.o(i._printf_pre_padding)
    _sputc                                   0x080077b7   Thumb Code    10  printfa.o(i._sputc)
    i._sputc                                 0x080077b6   Section        0  printfa.o(i._sputc)
    HAL_RCC_GetSysClockFreq.aPLLMULFactorTable 0x08007ff0   Data          16  stm32f1xx_hal_rcc.o(.rodata.HAL_RCC_GetSysClockFreq.aPLLMULFactorTable)
    [Anonymous Symbol]                       0x08007ff0   Section        0  stm32f1xx_hal_rcc.o(.rodata.HAL_RCC_GetSysClockFreq.aPLLMULFactorTable)
    HAL_RCC_GetSysClockFreq.aPredivFactorTable 0x08008000   Data           2  stm32f1xx_hal_rcc.o(.rodata.HAL_RCC_GetSysClockFreq.aPredivFactorTable)
    [Anonymous Symbol]                       0x08008000   Section        0  stm32f1xx_hal_rcc.o(.rodata.HAL_RCC_GetSysClockFreq.aPredivFactorTable)
    .L.str                                   0x08008002   Data          15  main.o(.rodata.str1.1)
    [Anonymous Symbol]                       0x08008002   Section        0  main.o(.rodata.str1.1)
    .L.str                                   0x0800800d   Data           4  main.o(.rodata.str1.1)
    .L.str.2                                 0x08008011   Data           7  stm32f1xx_it.o(.rodata.str1.1)
    [Anonymous Symbol]                       0x08008011   Section        0  stm32f1xx_it.o(.rodata.str1.1)
    .L.str.1                                 0x08008018   Data           6  stm32f1xx_it.o(.rodata.str1.1)
    atk_mo395q_handler.last_dhcp_status      0x20000008   Data           1  atk_mo395q.o(.data.atk_mo395q_handler.last_dhcp_status)
    [Anonymous Symbol]                       0x20000008   Section        0  atk_mo395q.o(.data.atk_mo395q_handler.last_dhcp_status)
    atk_mo395q_handler.last_phy_status       0x20000009   Data           1  atk_mo395q.o(.data.atk_mo395q_handler.last_phy_status)
    [Anonymous Symbol]                       0x20000009   Section        0  atk_mo395q.o(.data.atk_mo395q_handler.last_phy_status)
    atk_mo395q_handler.last_static_status    0x2000000a   Data           1  atk_mo395q.o(.data.atk_mo395q_handler.last_static_status)
    [Anonymous Symbol]                       0x2000000a   Section        0  atk_mo395q.o(.data.atk_mo395q_handler.last_static_status)
    g_atk_mo395q_spi                         0x20000028   Data          88  atk_mo395q_spi.o(.bss.g_atk_mo395q_spi)
    [Anonymous Symbol]                       0x20000028   Section        0  atk_mo395q_spi.o(.bss.g_atk_mo395q_spi)
    g_atk_mo395q_sta                         0x20000080   Data         564  atk_mo395q.o(.bss.g_atk_mo395q_sta)
    [Anonymous Symbol]                       0x20000080   Section        0  atk_mo395q.o(.bss.g_atk_mo395q_sta)
    g_fac_us                                 0x200002b4   Data           2  delay.o(.bss.g_fac_us)
    [Anonymous Symbol]                       0x200002b4   Section        0  delay.o(.bss.g_fac_us)
    STACK                                    0x200009a0   Section     1024  startup_stm32f103xb.o(STACK)

    Global Symbols

    Symbol Name                              Value     Ov Type        Size  Object(Section)

    BuildAttributes$$THM_ISAv4$P$D$K$B$S$PE$A:L22UL41UL21$X:L11$S22US41US21$IEEE1$IW$~IW$USESV6$~STKCKD$USESV7$~SHL$OTIME$ROPI$EBA8$MICROLIB$REQ8$PRES8$EABIv2 0x00000000   Number         0  anon$$obj.o ABSOLUTE
    __cpp_initialize__aeabi_                  - Undefined Weak Reference
    __cxa_finalize                            - Undefined Weak Reference
    __decompress                              - Undefined Weak Reference
    _clock_init                               - Undefined Weak Reference
    _microlib_exit                            - Undefined Weak Reference
    __Vectors_Size                           0x000000ec   Number         0  startup_stm32f103xb.o ABSOLUTE
    __Vectors                                0x08000000   Data           4  startup_stm32f103xb.o(RESET)
    __Vectors_End                            0x080000ec   Data           0  startup_stm32f103xb.o(RESET)
    __main                                   0x080000ed   Thumb Code     0  entry.o(.ARM.Collect$$$$00000000)
    _main_stk                                0x080000ed   Thumb Code     0  entry2.o(.ARM.Collect$$$$00000001)
    _main_scatterload                        0x080000f1   Thumb Code     0  entry5.o(.ARM.Collect$$$$00000004)
    __main_after_scatterload                 0x080000f5   Thumb Code     0  entry5.o(.ARM.Collect$$$$00000004)
    _main_clock                              0x080000f5   Thumb Code     0  entry7b.o(.ARM.Collect$$$$00000008)
    _main_cpp_init                           0x080000f5   Thumb Code     0  entry8b.o(.ARM.Collect$$$$0000000A)
    _main_init                               0x080000f5   Thumb Code     0  entry9a.o(.ARM.Collect$$$$0000000B)
    __rt_final_cpp                           0x080000fd   Thumb Code     0  entry10a.o(.ARM.Collect$$$$0000000D)
    __rt_final_exit                          0x080000fd   Thumb Code     0  entry11a.o(.ARM.Collect$$$$0000000F)
    Reset_Handler                            0x08000101   Thumb Code     8  startup_stm32f103xb.o(.text)
    ADC1_2_IRQHandler                        0x0800011b   Thumb Code     0  startup_stm32f103xb.o(.text)
    CAN1_RX1_IRQHandler                      0x0800011b   Thumb Code     0  startup_stm32f103xb.o(.text)
    CAN1_SCE_IRQHandler                      0x0800011b   Thumb Code     0  startup_stm32f103xb.o(.text)
    DMA1_Channel2_IRQHandler                 0x0800011b   Thumb Code     0  startup_stm32f103xb.o(.text)
    DMA1_Channel3_IRQHandler                 0x0800011b   Thumb Code     0  startup_stm32f103xb.o(.text)
    DMA1_Channel4_IRQHandler                 0x0800011b   Thumb Code     0  startup_stm32f103xb.o(.text)
    DMA1_Channel5_IRQHandler                 0x0800011b   Thumb Code     0  startup_stm32f103xb.o(.text)
    DMA1_Channel6_IRQHandler                 0x0800011b   Thumb Code     0  startup_stm32f103xb.o(.text)
    DMA1_Channel7_IRQHandler                 0x0800011b   Thumb Code     0  startup_stm32f103xb.o(.text)
    EXTI0_IRQHandler                         0x0800011b   Thumb Code     0  startup_stm32f103xb.o(.text)
    EXTI15_10_IRQHandler                     0x0800011b   Thumb Code     0  startup_stm32f103xb.o(.text)
    EXTI1_IRQHandler                         0x0800011b   Thumb Code     0  startup_stm32f103xb.o(.text)
    FLASH_IRQHandler                         0x0800011b   Thumb Code     0  startup_stm32f103xb.o(.text)
    I2C1_ER_IRQHandler                       0x0800011b   Thumb Code     0  startup_stm32f103xb.o(.text)
    I2C1_EV_IRQHandler                       0x0800011b   Thumb Code     0  startup_stm32f103xb.o(.text)
    I2C2_ER_IRQHandler                       0x0800011b   Thumb Code     0  startup_stm32f103xb.o(.text)
    I2C2_EV_IRQHandler                       0x0800011b   Thumb Code     0  startup_stm32f103xb.o(.text)
    PVD_IRQHandler                           0x0800011b   Thumb Code     0  startup_stm32f103xb.o(.text)
    RCC_IRQHandler                           0x0800011b   Thumb Code     0  startup_stm32f103xb.o(.text)
    RTC_Alarm_IRQHandler                     0x0800011b   Thumb Code     0  startup_stm32f103xb.o(.text)
    RTC_IRQHandler                           0x0800011b   Thumb Code     0  startup_stm32f103xb.o(.text)
    SPI1_IRQHandler                          0x0800011b   Thumb Code     0  startup_stm32f103xb.o(.text)
    SPI2_IRQHandler                          0x0800011b   Thumb Code     0  startup_stm32f103xb.o(.text)
    TAMPER_IRQHandler                        0x0800011b   Thumb Code     0  startup_stm32f103xb.o(.text)
    TIM1_BRK_IRQHandler                      0x0800011b   Thumb Code     0  startup_stm32f103xb.o(.text)
    TIM1_CC_IRQHandler                       0x0800011b   Thumb Code     0  startup_stm32f103xb.o(.text)
    TIM1_TRG_COM_IRQHandler                  0x0800011b   Thumb Code     0  startup_stm32f103xb.o(.text)
    TIM1_UP_IRQHandler                       0x0800011b   Thumb Code     0  startup_stm32f103xb.o(.text)
    TIM2_IRQHandler                          0x0800011b   Thumb Code     0  startup_stm32f103xb.o(.text)
    TIM3_IRQHandler                          0x0800011b   Thumb Code     0  startup_stm32f103xb.o(.text)
    TIM4_IRQHandler                          0x0800011b   Thumb Code     0  startup_stm32f103xb.o(.text)
    USART1_IRQHandler                        0x0800011b   Thumb Code     0  startup_stm32f103xb.o(.text)
    USART2_IRQHandler                        0x0800011b   Thumb Code     0  startup_stm32f103xb.o(.text)
    USART3_IRQHandler                        0x0800011b   Thumb Code     0  startup_stm32f103xb.o(.text)
    USBWakeUp_IRQHandler                     0x0800011b   Thumb Code     0  startup_stm32f103xb.o(.text)
    USB_HP_CAN1_TX_IRQHandler                0x0800011b   Thumb Code     0  startup_stm32f103xb.o(.text)
    USB_LP_CAN1_RX0_IRQHandler               0x0800011b   Thumb Code     0  startup_stm32f103xb.o(.text)
    WWDG_IRQHandler                          0x0800011b   Thumb Code     0  startup_stm32f103xb.o(.text)
    __aeabi_memcpy                           0x08000125   Thumb Code    36  memcpya.o(.text)
    __aeabi_memcpy4                          0x08000125   Thumb Code     0  memcpya.o(.text)
    __aeabi_memcpy8                          0x08000125   Thumb Code     0  memcpya.o(.text)
    __aeabi_memset                           0x08000149   Thumb Code    14  memseta.o(.text)
    __aeabi_memset4                          0x08000149   Thumb Code     0  memseta.o(.text)
    __aeabi_memset8                          0x08000149   Thumb Code     0  memseta.o(.text)
    __aeabi_memclr                           0x08000157   Thumb Code     4  memseta.o(.text)
    __aeabi_memclr4                          0x08000157   Thumb Code     0  memseta.o(.text)
    __aeabi_memclr8                          0x08000157   Thumb Code     0  memseta.o(.text)
    _memset$wrapper                          0x0800015b   Thumb Code    18  memseta.o(.text)
    __aeabi_uidiv                            0x0800016d   Thumb Code     0  uidiv.o(.text)
    __aeabi_uidivmod                         0x0800016d   Thumb Code    44  uidiv.o(.text)
    __aeabi_uldivmod                         0x08000199   Thumb Code    98  uldiv.o(.text)
    __I$use$fp                               0x080001fb   Thumb Code     0  iusefp.o(.text)
    __aeabi_dadd                             0x080001fb   Thumb Code   322  dadd.o(.text)
    __aeabi_dsub                             0x0800033d   Thumb Code     6  dadd.o(.text)
    __aeabi_drsub                            0x08000343   Thumb Code     6  dadd.o(.text)
    __aeabi_dmul                             0x08000349   Thumb Code   228  dmul.o(.text)
    __aeabi_ddiv                             0x0800042d   Thumb Code   222  ddiv.o(.text)
    __aeabi_d2ulz                            0x0800050b   Thumb Code    48  dfixul.o(.text)
    __aeabi_cdrcmple                         0x0800053d   Thumb Code    48  cdrcmple.o(.text)
    __scatterload                            0x0800056d   Thumb Code    38  init.o(.text)
    __scatterload_rt2                        0x0800056d   Thumb Code     0  init.o(.text)
    __aeabi_llsl                             0x0800059d   Thumb Code    30  llshl.o(.text)
    _ll_shift_l                              0x0800059d   Thumb Code     0  llshl.o(.text)
    __aeabi_llsr                             0x080005bb   Thumb Code    32  llushr.o(.text)
    _ll_ushift_r                             0x080005bb   Thumb Code     0  llushr.o(.text)
    __aeabi_lasr                             0x080005db   Thumb Code    36  llsshr.o(.text)
    _ll_sshift_r                             0x080005db   Thumb Code     0  llsshr.o(.text)
    _double_round                            0x080005ff   Thumb Code    30  depilogue.o(.text)
    _double_epilogue                         0x0800061d   Thumb Code   156  depilogue.o(.text)
    ADC_ConversionStop_Disable               0x080006b9   Thumb Code   130  stm32f1xx_hal_adc.o(.text.ADC_ConversionStop_Disable)
    ADC_DMAConvCplt                          0x0800073d   Thumb Code   120  stm32f1xx_hal_adc.o(.text.ADC_DMAConvCplt)
    ADC_DMAError                             0x080007b5   Thumb Code    42  stm32f1xx_hal_adc.o(.text.ADC_DMAError)
    ADC_DMAHalfConvCplt                      0x080007e1   Thumb Code    22  stm32f1xx_hal_adc.o(.text.ADC_DMAHalfConvCplt)
    ADC_Enable                               0x080007f9   Thumb Code   188  stm32f1xx_hal_adc.o(.text.ADC_Enable)
    BusFault_Handler                         0x080008b5   Thumb Code     4  stm32f1xx_it.o(.text.BusFault_Handler)
    DMA1_Channel1_IRQHandler                 0x080008b9   Thumb Code    16  stm32f1xx_it.o(.text.DMA1_Channel1_IRQHandler)
    Deal_Recv                                0x08000919   Thumb Code   628  user.o(.text.Deal_Recv)
    DebugMon_Handler                         0x08000b8d   Thumb Code     2  stm32f1xx_it.o(.text.DebugMon_Handler)
    EXTI2_IRQHandler                         0x08000b91   Thumb Code    10  stm32f1xx_it.o(.text.EXTI2_IRQHandler)
    EXTI3_IRQHandler                         0x08000b9d   Thumb Code    10  stm32f1xx_it.o(.text.EXTI3_IRQHandler)
    EXTI4_IRQHandler                         0x08000ba9   Thumb Code    10  stm32f1xx_it.o(.text.EXTI4_IRQHandler)
    EXTI9_5_IRQHandler                       0x08000bb5   Thumb Code    18  stm32f1xx_it.o(.text.EXTI9_5_IRQHandler)
    Error_Handler                            0x08000bc9   Thumb Code    14  main.o(.text.Error_Handler)
    FLASH_PageErase                          0x08000c05   Thumb Code    56  stm32f1xx_hal_flash_ex.o(.text.FLASH_PageErase)
    FLASH_WaitForLastOperation               0x08000d7d   Thumb Code   280  stm32f1xx_hal_flash.o(.text.FLASH_WaitForLastOperation)
    Flash_Load                               0x08000e95   Thumb Code    48  stm32f1xx_it.o(.text.Flash_Load)
    Flash_Save                               0x08000ec5   Thumb Code   154  stm32f1xx_it.o(.text.Flash_Save)
    HAL_ADC_ConfigChannel                    0x08000f61   Thumb Code   436  stm32f1xx_hal_adc.o(.text.HAL_ADC_ConfigChannel)
    HAL_ADC_ConvCpltCallback                 0x08001115   Thumb Code     8  stm32f1xx_hal_adc.o(.text.HAL_ADC_ConvCpltCallback)
    HAL_ADC_ConvHalfCpltCallback             0x0800111d   Thumb Code     8  stm32f1xx_hal_adc.o(.text.HAL_ADC_ConvHalfCpltCallback)
    HAL_ADC_ErrorCallback                    0x08001125   Thumb Code     8  stm32f1xx_hal_adc.o(.text.HAL_ADC_ErrorCallback)
    HAL_ADC_Init                             0x0800112d   Thumb Code   530  stm32f1xx_hal_adc.o(.text.HAL_ADC_Init)
    HAL_ADC_MspInit                          0x08001341   Thumb Code   256  adc.o(.text.HAL_ADC_MspInit)
    HAL_ADC_Start_DMA                        0x08001441   Thumb Code   550  stm32f1xx_hal_adc.o(.text.HAL_ADC_Start_DMA)
    HAL_DMA_IRQHandler                       0x08001669   Thumb Code   646  stm32f1xx_hal_dma.o(.text.HAL_DMA_IRQHandler)
    HAL_DMA_Init                             0x080018f1   Thumb Code   174  stm32f1xx_hal_dma.o(.text.HAL_DMA_Init)
    HAL_DMA_Start_IT                         0x080019a1   Thumb Code   202  stm32f1xx_hal_dma.o(.text.HAL_DMA_Start_IT)
    HAL_Delay                                0x08001a6d   Thumb Code    18  delay.o(.text.HAL_Delay)
    HAL_FLASHEx_Erase                        0x08001a81   Thumb Code   266  stm32f1xx_hal_flash_ex.o(.text.HAL_FLASHEx_Erase)
    HAL_FLASH_Lock                           0x08001b8d   Thumb Code    20  stm32f1xx_hal_flash.o(.text.HAL_FLASH_Lock)
    HAL_FLASH_Program                        0x08001ba1   Thumb Code   300  stm32f1xx_hal_flash.o(.text.HAL_FLASH_Program)
    HAL_FLASH_Unlock                         0x08001ccd   Thumb Code    90  stm32f1xx_hal_flash.o(.text.HAL_FLASH_Unlock)
    HAL_GPIO_EXTI_Callback                   0x08001d29   Thumb Code   630  stm32f1xx_it.o(.text.HAL_GPIO_EXTI_Callback)
    HAL_GPIO_EXTI_IRQHandler                 0x08001fa1   Thumb Code    56  stm32f1xx_hal_gpio.o(.text.HAL_GPIO_EXTI_IRQHandler)
    HAL_GPIO_Init                            0x08001fd9   Thumb Code   798  stm32f1xx_hal_gpio.o(.text.HAL_GPIO_Init)
    HAL_GPIO_ReadPin                         0x080022f9   Thumb Code    46  stm32f1xx_hal_gpio.o(.text.HAL_GPIO_ReadPin)
    HAL_GPIO_WritePin                        0x08002329   Thumb Code    46  stm32f1xx_hal_gpio.o(.text.HAL_GPIO_WritePin)
    HAL_GetTick                              0x08002359   Thumb Code    12  stm32f1xx_hal.o(.text.HAL_GetTick)
    HAL_IncTick                              0x08002365   Thumb Code    26  stm32f1xx_hal.o(.text.HAL_IncTick)
    HAL_Init                                 0x08002381   Thumb Code    38  stm32f1xx_hal.o(.text.HAL_Init)
    HAL_InitTick                             0x080023a9   Thumb Code   112  stm32f1xx_hal.o(.text.HAL_InitTick)
    HAL_MspInit                              0x08002419   Thumb Code   100  stm32f1xx_hal_msp.o(.text.HAL_MspInit)
    HAL_NVIC_EnableIRQ                       0x0800247d   Thumb Code    20  stm32f1xx_hal_cortex.o(.text.HAL_NVIC_EnableIRQ)
    HAL_NVIC_SetPriority                     0x08002491   Thumb Code    50  stm32f1xx_hal_cortex.o(.text.HAL_NVIC_SetPriority)
    HAL_NVIC_SetPriorityGrouping             0x080024c5   Thumb Code    16  stm32f1xx_hal_cortex.o(.text.HAL_NVIC_SetPriorityGrouping)
    HAL_RCCEx_PeriphCLKConfig                0x080024d5   Thumb Code   456  stm32f1xx_hal_rcc_ex.o(.text.HAL_RCCEx_PeriphCLKConfig)
    HAL_RCC_ClockConfig                      0x0800269d   Thumb Code   598  stm32f1xx_hal_rcc.o(.text.HAL_RCC_ClockConfig)
    HAL_RCC_GetHCLKFreq                      0x080028f5   Thumb Code    12  stm32f1xx_hal_rcc.o(.text.HAL_RCC_GetHCLKFreq)
    HAL_RCC_GetPCLK1Freq                     0x08002901   Thumb Code    34  stm32f1xx_hal_rcc.o(.text.HAL_RCC_GetPCLK1Freq)
    HAL_RCC_GetPCLK2Freq                     0x08002925   Thumb Code    34  stm32f1xx_hal_rcc.o(.text.HAL_RCC_GetPCLK2Freq)
    HAL_RCC_GetSysClockFreq                  0x08002949   Thumb Code   188  stm32f1xx_hal_rcc.o(.text.HAL_RCC_GetSysClockFreq)
    HAL_RCC_OscConfig                        0x08002a05   Thumb Code  1658  stm32f1xx_hal_rcc.o(.text.HAL_RCC_OscConfig)
    HAL_SPI_Init                             0x08003081   Thumb Code   250  stm32f1xx_hal_spi.o(.text.HAL_SPI_Init)
    HAL_SPI_MspInit                          0x0800317d   Thumb Code   152  spi.o(.text.HAL_SPI_MspInit)
    HAL_SPI_TransmitReceive                  0x08003215   Thumb Code   930  stm32f1xx_hal_spi.o(.text.HAL_SPI_TransmitReceive)
    HAL_SYSTICK_CLKSourceConfig              0x080035b9   Thumb Code    52  stm32f1xx_hal_cortex.o(.text.HAL_SYSTICK_CLKSourceConfig)
    HAL_SYSTICK_Config                       0x080035ed   Thumb Code    16  stm32f1xx_hal_cortex.o(.text.HAL_SYSTICK_Config)
    HAL_TIMEx_MasterConfigSynchronization    0x080035fd   Thumb Code   220  stm32f1xx_hal_tim_ex.o(.text.HAL_TIMEx_MasterConfigSynchronization)
    HAL_TIM_Base_Init                        0x080036d9   Thumb Code   156  stm32f1xx_hal_tim.o(.text.HAL_TIM_Base_Init)
    HAL_TIM_Base_MspInit                     0x08003775   Thumb Code   208  tim.o(.text.HAL_TIM_Base_MspInit)
    HAL_TIM_Base_Start                       0x08003845   Thumb Code   164  stm32f1xx_hal_tim.o(.text.HAL_TIM_Base_Start)
    HAL_TIM_ConfigClockSource                0x080038e9   Thumb Code   388  stm32f1xx_hal_tim.o(.text.HAL_TIM_ConfigClockSource)
    HAL_TIM_MspPostInit                      0x08003a6d   Thumb Code   210  tim.o(.text.HAL_TIM_MspPostInit)
    HAL_TIM_PWM_ConfigChannel                0x08003b41   Thumb Code   322  stm32f1xx_hal_tim.o(.text.HAL_TIM_PWM_ConfigChannel)
    HAL_TIM_PWM_Init                         0x08003c85   Thumb Code   156  stm32f1xx_hal_tim.o(.text.HAL_TIM_PWM_Init)
    HAL_TIM_PWM_MspInit                      0x08003d21   Thumb Code     8  stm32f1xx_hal_tim.o(.text.HAL_TIM_PWM_MspInit)
    HAL_UART_Init                            0x08003d29   Thumb Code   158  stm32f1xx_hal_uart.o(.text.HAL_UART_Init)
    HAL_UART_MspInit                         0x08003dc9   Thumb Code   148  usart.o(.text.HAL_UART_MspInit)
    HardFault_Handler                        0x08003e5d   Thumb Code     4  stm32f1xx_it.o(.text.HardFault_Handler)
    IIC_Start                                0x08003e61   Thumb Code    84  oled.o(.text.IIC_Start)
    IIC_Stop                                 0x08003eb5   Thumb Code    70  oled.o(.text.IIC_Stop)
    IIC_Wait_Ack                             0x08003efd   Thumb Code    92  oled.o(.text.IIC_Wait_Ack)
    MX_ADC1_Init                             0x08003f59   Thumb Code   330  adc.o(.text.MX_ADC1_Init)
    MX_DMA_Init                              0x080040a5   Thumb Code    56  dma.o(.text.MX_DMA_Init)
    MX_GPIO_Init                             0x080040dd   Thumb Code   406  gpio.o(.text.MX_GPIO_Init)
    MX_SPI2_Init                             0x08004275   Thumb Code    78  spi.o(.text.MX_SPI2_Init)
    MX_TIM1_Init                             0x080042c5   Thumb Code   138  tim.o(.text.MX_TIM1_Init)
    MX_TIM2_Init                             0x08004351   Thumb Code   212  tim.o(.text.MX_TIM2_Init)
    MX_TIM3_Init                             0x08004425   Thumb Code   136  tim.o(.text.MX_TIM3_Init)
    MX_TIM4_Init                             0x080044ad   Thumb Code   218  tim.o(.text.MX_TIM4_Init)
    MX_USART2_UART_Init                      0x08004589   Thumb Code    64  usart.o(.text.MX_USART2_UART_Init)
    MemManage_Handler                        0x080045c9   Thumb Code     4  stm32f1xx_it.o(.text.MemManage_Handler)
    NMI_Handler                              0x080045cd   Thumb Code     4  stm32f1xx_it.o(.text.NMI_Handler)
    OLED_Clear                               0x0800463d   Thumb Code   110  oled.o(.text.OLED_Clear)
    OLED_Init                                0x080046ad   Thumb Code   198  oled.o(.text.OLED_Init)
    OLED_Set_Pos                             0x08004775   Thumb Code    58  oled.o(.text.OLED_Set_Pos)
    OLED_ShowChar_Complete                   0x080047b1   Thumb Code   578  oled.o(.text.OLED_ShowChar_Complete)
    OLED_ShowString                          0x080049f5   Thumb Code   140  oled.o(.text.OLED_ShowString)
    OLED_WR_Byte                             0x08004a81   Thumb Code    38  oled.o(.text.OLED_WR_Byte)
    PendSV_Handler                           0x08004aa9   Thumb Code     2  stm32f1xx_it.o(.text.PendSV_Handler)
    SVC_Handler                              0x08004c81   Thumb Code     2  stm32f1xx_it.o(.text.SVC_Handler)
    SysTick_Handler                          0x08004cd9   Thumb Code     8  stm32f1xx_it.o(.text.SysTick_Handler)
    SystemClock_Config                       0x08004ce1   Thumb Code   144  main.o(.text.SystemClock_Config)
    SystemInit                               0x08004d71   Thumb Code     2  system_stm32f1xx.o(.text.SystemInit)
    TIM_Base_SetConfig                       0x08004d75   Thumb Code   262  stm32f1xx_hal_tim.o(.text.TIM_Base_SetConfig)
    TIM_ETR_SetConfig                        0x08004e7d   Thumb Code    52  stm32f1xx_hal_tim.o(.text.TIM_ETR_SetConfig)
    TIM_OC2_SetConfig                        0x08004fad   Thumb Code   216  stm32f1xx_hal_tim.o(.text.TIM_OC2_SetConfig)
    UsageFault_Handler                       0x08005355   Thumb Code     4  stm32f1xx_it.o(.text.UsageFault_Handler)
    Write_IIC_Byte                           0x08005359   Thumb Code   182  oled.o(.text.Write_IIC_Byte)
    Write_IIC_Command                        0x08005411   Thumb Code    52  oled.o(.text.Write_IIC_Command)
    Write_IIC_Data                           0x08005445   Thumb Code    52  oled.o(.text.Write_IIC_Data)
    atk_mo395q_cmd_check_exist               0x08005539   Thumb Code    42  atk_mo395q_cmd.o(.text.atk_mo395q_cmd_check_exist)
    atk_mo395q_cmd_close_socket_sn           0x08005565   Thumb Code   110  atk_mo395q_cmd.o(.text.atk_mo395q_cmd_close_socket_sn)
    atk_mo395q_cmd_dhcp_enable               0x080055d5   Thumb Code   110  atk_mo395q_cmd.o(.text.atk_mo395q_cmd_dhcp_enable)
    atk_mo395q_cmd_get_cmd_status            0x08005645   Thumb Code    30  atk_mo395q_cmd.o(.text.atk_mo395q_cmd_get_cmd_status)
    atk_mo395q_cmd_get_dhcp_status           0x08005665   Thumb Code    54  atk_mo395q_cmd.o(.text.atk_mo395q_cmd_get_dhcp_status)
    atk_mo395q_cmd_get_glob_int_status_all   0x0800569d   Thumb Code    54  atk_mo395q_cmd.o(.text.atk_mo395q_cmd_get_glob_int_status_all)
    atk_mo395q_cmd_get_ic_version            0x080056d5   Thumb Code    30  atk_mo395q_cmd.o(.text.atk_mo395q_cmd_get_ic_version)
    atk_mo395q_cmd_get_int_status_sn         0x080056f5   Thumb Code    48  atk_mo395q_cmd.o(.text.atk_mo395q_cmd_get_int_status_sn)
    atk_mo395q_cmd_get_ip_inf                0x08005725   Thumb Code   190  atk_mo395q_cmd.o(.text.atk_mo395q_cmd_get_ip_inf)
    atk_mo395q_cmd_get_phy_status            0x080057e5   Thumb Code    30  atk_mo395q_cmd.o(.text.atk_mo395q_cmd_get_phy_status)
    atk_mo395q_cmd_get_recv_len_sn           0x08005805   Thumb Code    60  atk_mo395q_cmd.o(.text.atk_mo395q_cmd_get_recv_len_sn)
    atk_mo395q_cmd_get_remot_ipp_sn          0x08005841   Thumb Code    90  atk_mo395q_cmd.o(.text.atk_mo395q_cmd_get_remot_ipp_sn)
    atk_mo395q_cmd_init_ch395                0x0800589d   Thumb Code    98  atk_mo395q_cmd.o(.text.atk_mo395q_cmd_init_ch395)
    atk_mo395q_cmd_open_socket_sn            0x08005901   Thumb Code   110  atk_mo395q_cmd.o(.text.atk_mo395q_cmd_open_socket_sn)
    atk_mo395q_cmd_read_recv_buf_sn          0x08005971   Thumb Code   118  atk_mo395q_cmd.o(.text.atk_mo395q_cmd_read_recv_buf_sn)
    atk_mo395q_cmd_reset_all                 0x080059e9   Thumb Code    14  atk_mo395q_cmd.o(.text.atk_mo395q_cmd_reset_all)
    atk_mo395q_cmd_set_des_port_sn           0x080059f9   Thumb Code    50  atk_mo395q_cmd.o(.text.atk_mo395q_cmd_set_des_port_sn)
    atk_mo395q_cmd_set_gwip_addr             0x08005a2d   Thumb Code    64  atk_mo395q_cmd.o(.text.atk_mo395q_cmd_set_gwip_addr)
    atk_mo395q_cmd_set_ip_addr               0x08005a6d   Thumb Code    64  atk_mo395q_cmd.o(.text.atk_mo395q_cmd_set_ip_addr)
    atk_mo395q_cmd_set_ip_addr_sn            0x08005aad   Thumb Code    64  atk_mo395q_cmd.o(.text.atk_mo395q_cmd_set_ip_addr_sn)
    atk_mo395q_cmd_set_keep_live_cnt         0x08005aed   Thumb Code    30  atk_mo395q_cmd.o(.text.atk_mo395q_cmd_set_keep_live_cnt)
    atk_mo395q_cmd_set_keep_live_idle        0x08005b0d   Thumb Code    52  atk_mo395q_cmd.o(.text.atk_mo395q_cmd_set_keep_live_idle)
    atk_mo395q_cmd_set_keep_live_intvl       0x08005b41   Thumb Code    52  atk_mo395q_cmd.o(.text.atk_mo395q_cmd_set_keep_live_intvl)
    atk_mo395q_cmd_set_keep_live_sn          0x08005b75   Thumb Code    42  atk_mo395q_cmd.o(.text.atk_mo395q_cmd_set_keep_live_sn)
    atk_mo395q_cmd_set_mask_addr             0x08005ba1   Thumb Code    64  atk_mo395q_cmd.o(.text.atk_mo395q_cmd_set_mask_addr)
    atk_mo395q_cmd_set_proto_type_sn         0x08005be1   Thumb Code    42  atk_mo395q_cmd.o(.text.atk_mo395q_cmd_set_proto_type_sn)
    atk_mo395q_cmd_set_sour_port_sn          0x08005c0d   Thumb Code    50  atk_mo395q_cmd.o(.text.atk_mo395q_cmd_set_sour_port_sn)
    atk_mo395q_cmd_set_ttl                   0x08005c41   Thumb Code    42  atk_mo395q_cmd.o(.text.atk_mo395q_cmd_set_ttl)
    atk_mo395q_cmd_tcp_connect_sn            0x08005c6d   Thumb Code   110  atk_mo395q_cmd.o(.text.atk_mo395q_cmd_tcp_connect_sn)
    atk_mo395q_cmd_tcp_listen_sn             0x08005cdd   Thumb Code   110  atk_mo395q_cmd.o(.text.atk_mo395q_cmd_tcp_listen_sn)
    atk_mo395q_cmd_write_send_buf_sn         0x08005d4d   Thumb Code   100  atk_mo395q_cmd.o(.text.atk_mo395q_cmd_write_send_buf_sn)
    atk_mo395q_handler                       0x08005eb5   Thumb Code  1382  atk_mo395q.o(.text.atk_mo395q_handler)
    atk_mo395q_init                          0x08006475   Thumb Code    96  atk_mo395q.o(.text.atk_mo395q_init)
    atk_mo395q_net_config                    0x080064f1   Thumb Code   226  atk_mo395q.o(.text.atk_mo395q_net_config)
    atk_mo395q_socket_config                 0x0800663d   Thumb Code   132  atk_mo395q.o(.text.atk_mo395q_socket_config)
    atk_mo395q_spi_init                      0x080068d1   Thumb Code    26  atk_mo395q_spi.o(.text.atk_mo395q_spi_init)
    atk_mo395q_spi_read_dat                  0x080068ed   Thumb Code    22  atk_mo395q_spi.o(.text.atk_mo395q_spi_read_dat)
    atk_mo395q_spi_write_cmd                 0x08006921   Thumb Code    34  atk_mo395q_spi.o(.text.atk_mo395q_spi_write_cmd)
    atk_mo395q_spi_write_dat                 0x08006945   Thumb Code    20  atk_mo395q_spi.o(.text.atk_mo395q_spi_write_dat)
    delay_init                               0x08006999   Thumb Code    44  delay.o(.text.delay_init)
    delay_ms                                 0x080069c5   Thumb Code    96  delay.o(.text.delay_ms)
    delay_us                                 0x08006a25   Thumb Code   140  delay.o(.text.delay_us)
    dhcp_success_cb                          0x08006ab1   Thumb Code    30  user.o(.text.dhcp_success_cb)
    main                                     0x08006ad1   Thumb Code   192  main.o(.text.main)
    phy_conn_cb                              0x08006b91   Thumb Code    36  user.o(.text.phy_conn_cb)
    phy_disconn_cb                           0x08006bb5   Thumb Code    26  user.o(.text.phy_disconn_cb)
    socket_recv_cb                           0x08006bd1   Thumb Code    80  user.o(.text.socket_recv_cb)
    socket_send_buf_free_cb                  0x08006c21   Thumb Code    58  user.o(.text.socket_send_buf_free_cb)
    system_init                              0x08006c5d   Thumb Code   356  user.o(.text.system_init)
    system_run                               0x08006dc1   Thumb Code   250  user.o(.text.system_run)
    __0sprintf                               0x08006ebd   Thumb Code    34  printfa.o(i.__0sprintf)
    __1sprintf                               0x08006ebd   Thumb Code     0  printfa.o(i.__0sprintf)
    __2sprintf                               0x08006ebd   Thumb Code     0  printfa.o(i.__0sprintf)
    __c89sprintf                             0x08006ebd   Thumb Code     0  printfa.o(i.__0sprintf)
    sprintf                                  0x08006ebd   Thumb Code     0  printfa.o(i.__0sprintf)
    __scatterload_copy                       0x08006ee5   Thumb Code    14  handlers.o(i.__scatterload_copy)
    __scatterload_null                       0x08006ef3   Thumb Code     2  handlers.o(i.__scatterload_null)
    __scatterload_zeroinit                   0x08006ef5   Thumb Code    14  handlers.o(i.__scatterload_zeroinit)
    AHBPrescTable                            0x080077c0   Data          16  system_stm32f1xx.o(.rodata.AHBPrescTable)
    APBPrescTable                            0x080077d0   Data           8  system_stm32f1xx.o(.rodata.APBPrescTable)
    F6x8                                     0x080077d8   Data         552  oled.o(.rodata.F6x8)
    F8X16                                    0x08007a00   Data        1520  oled.o(.rodata.F8X16)
    Region$$Table$$Base                      0x08008020   Number         0  anon$$obj.o(Region$$Table)
    Region$$Table$$Limit                     0x08008040   Number         0  anon$$obj.o(Region$$Table)
    IP                                       0x20000000   Data           4  user.o(.data.IP)
    SystemCoreClock                          0x20000004   Data           4  system_stm32f1xx.o(.data.SystemCoreClock)
    call_name                                0x2000000b   Data           1  user.o(.data.call_name)
    data_type                                0x2000000c   Data           1  user.o(.data.data_type)
    socket0_send_done                        0x2000000d   Data           1  user.o(.data.socket0_send_done)
    socket1_send_done                        0x2000000e   Data           1  user.o(.data.socket1_send_done)
    status                                   0x2000000f   Data           1  user.o(.data.status)
    uwTickFreq                               0x20000010   Data           1  stm32f1xx_hal.o(.data.uwTickFreq)
    uwTickPrio                               0x20000014   Data           4  stm32f1xx_hal.o(.data.uwTickPrio)
    dataBuf                                  0x20000018   Data          16  main.o(.bss.dataBuf)
    hadc1                                    0x200002b8   Data          48  adc.o(.bss.hadc1)
    hdma_adc1                                0x200002e8   Data          68  adc.o(.bss.hdma_adc1)
    hspi2                                    0x2000032c   Data          88  spi.o(.bss.hspi2)
    htim1                                    0x20000384   Data          72  tim.o(.bss.htim1)
    htim2                                    0x200003cc   Data          72  tim.o(.bss.htim2)
    htim3                                    0x20000414   Data          72  tim.o(.bss.htim3)
    htim4                                    0x2000045c   Data          72  tim.o(.bss.htim4)
    huart2                                   0x200004a4   Data          72  usart.o(.bss.huart2)
    input_mode                               0x200004ec   Data           1  stm32f1xx_it.o(.bss.input_mode)
    pFlash                                   0x200004f0   Data          32  stm32f1xx_hal_flash.o(.bss.pFlash)
    socket0_recv_buf                         0x20000510   Data         512  user.o(.bss.socket0_recv_buf)
    socket0_send_buf                         0x20000710   Data          32  user.o(.bss.socket0_send_buf)
    socket1_recv_buf                         0x20000730   Data         512  user.o(.bss.socket1_recv_buf)
    socket1_send_buf                         0x20000930   Data          32  user.o(.bss.socket1_send_buf)
    socket_config                            0x20000950   Data          60  user.o(.bss.socket_config)
    string                                   0x2000098c   Data          16  main.o(.bss.string)
    uwTick                                   0x2000099c   Data           4  stm32f1xx_hal.o(.bss.uwTick)
    __initial_sp                             0x20000da0   Data           0  startup_stm32f103xb.o(STACK)



==============================================================================

Memory Map of the image

  Image Entry point : 0x080000ed

  Load Region LR_IROM1 (Base: 0x08000000, Size: 0x00008058, Max: 0x00010000, ABSOLUTE)

    Execution Region ER_IROM1 (Exec base: 0x08000000, Load base: 0x08000000, Size: 0x00008040, Max: 0x00010000, ABSOLUTE)

    Exec Addr    Load Addr    Size         Type   Attr      Idx    E Section Name        Object

    0x08000000   0x08000000   0x000000ec   Data   RO            3    RESET               startup_stm32f103xb.o
    0x080000ec   0x080000ec   0x00000000   Code   RO         1530  * .ARM.Collect$$$$00000000  mc_w.l(entry.o)
    0x080000ec   0x080000ec   0x00000004   Code   RO         1575    .ARM.Collect$$$$00000001  mc_w.l(entry2.o)
    0x080000f0   0x080000f0   0x00000004   Code   RO         1578    .ARM.Collect$$$$00000004  mc_w.l(entry5.o)
    0x080000f4   0x080000f4   0x00000000   Code   RO         1580    .ARM.Collect$$$$00000008  mc_w.l(entry7b.o)
    0x080000f4   0x080000f4   0x00000000   Code   RO         1582    .ARM.Collect$$$$0000000A  mc_w.l(entry8b.o)
    0x080000f4   0x080000f4   0x00000008   Code   RO         1583    .ARM.Collect$$$$0000000B  mc_w.l(entry9a.o)
    0x080000fc   0x080000fc   0x00000000   Code   RO         1585    .ARM.Collect$$$$0000000D  mc_w.l(entry10a.o)
    0x080000fc   0x080000fc   0x00000000   Code   RO         1587    .ARM.Collect$$$$0000000F  mc_w.l(entry11a.o)
    0x080000fc   0x080000fc   0x00000004   Code   RO         1576    .ARM.Collect$$$$00002712  mc_w.l(entry2.o)
    0x08000100   0x08000100   0x00000024   Code   RO            4    .text               startup_stm32f103xb.o
    0x08000124   0x08000124   0x00000024   Code   RO         1533    .text               mc_w.l(memcpya.o)
    0x08000148   0x08000148   0x00000024   Code   RO         1535    .text               mc_w.l(memseta.o)
    0x0800016c   0x0800016c   0x0000002c   Code   RO         1603    .text               mc_w.l(uidiv.o)
    0x08000198   0x08000198   0x00000062   Code   RO         1605    .text               mc_w.l(uldiv.o)
    0x080001fa   0x080001fa   0x00000000   Code   RO         1607    .text               mc_w.l(iusefp.o)
    0x080001fa   0x080001fa   0x0000014e   Code   RO         1610    .text               mf_w.l(dadd.o)
    0x08000348   0x08000348   0x000000e4   Code   RO         1612    .text               mf_w.l(dmul.o)
    0x0800042c   0x0800042c   0x000000de   Code   RO         1614    .text               mf_w.l(ddiv.o)
    0x0800050a   0x0800050a   0x00000030   Code   RO         1616    .text               mf_w.l(dfixul.o)
    0x0800053a   0x0800053a   0x00000002   PAD
    0x0800053c   0x0800053c   0x00000030   Code   RO         1618    .text               mf_w.l(cdrcmple.o)
    0x0800056c   0x0800056c   0x00000030   Code   RO         1620    .text               mc_w.l(init.o)
    0x0800059c   0x0800059c   0x0000001e   Code   RO         1623    .text               mc_w.l(llshl.o)
    0x080005ba   0x080005ba   0x00000020   Code   RO         1625    .text               mc_w.l(llushr.o)
    0x080005da   0x080005da   0x00000024   Code   RO         1627    .text               mc_w.l(llsshr.o)
    0x080005fe   0x080005fe   0x000000ba   Code   RO         1630    .text               mf_w.l(depilogue.o)
    0x080006b8   0x080006b8   0x00000082   Code   RO          221    .text.ADC_ConversionStop_Disable  stm32f1xx_hal_adc.o
    0x0800073a   0x0800073a   0x00000002   PAD
    0x0800073c   0x0800073c   0x00000078   Code   RO          243    .text.ADC_DMAConvCplt  stm32f1xx_hal_adc.o
    0x080007b4   0x080007b4   0x0000002a   Code   RO          247    .text.ADC_DMAError  stm32f1xx_hal_adc.o
    0x080007de   0x080007de   0x00000002   PAD
    0x080007e0   0x080007e0   0x00000016   Code   RO          245    .text.ADC_DMAHalfConvCplt  stm32f1xx_hal_adc.o
    0x080007f6   0x080007f6   0x00000002   PAD
    0x080007f8   0x080007f8   0x000000bc   Code   RO          229    .text.ADC_Enable    stm32f1xx_hal_adc.o
    0x080008b4   0x080008b4   0x00000004   Code   RO          159    .text.BusFault_Handler  stm32f1xx_it.o
    0x080008b8   0x080008b8   0x00000010   Code   RO          177    .text.DMA1_Channel1_IRQHandler  stm32f1xx_it.o
    0x080008c8   0x080008c8   0x00000050   Code   RO          454    .text.DMA_SetConfig  stm32f1xx_hal_dma.o
    0x08000918   0x08000918   0x00000274   Code   RO           21    .text.Deal_Recv     user.o
    0x08000b8c   0x08000b8c   0x00000002   Code   RO          165    .text.DebugMon_Handler  stm32f1xx_it.o
    0x08000b8e   0x08000b8e   0x00000002   PAD
    0x08000b90   0x08000b90   0x0000000a   Code   RO          171    .text.EXTI2_IRQHandler  stm32f1xx_it.o
    0x08000b9a   0x08000b9a   0x00000002   PAD
    0x08000b9c   0x08000b9c   0x0000000a   Code   RO          173    .text.EXTI3_IRQHandler  stm32f1xx_it.o
    0x08000ba6   0x08000ba6   0x00000002   PAD
    0x08000ba8   0x08000ba8   0x0000000a   Code   RO          175    .text.EXTI4_IRQHandler  stm32f1xx_it.o
    0x08000bb2   0x08000bb2   0x00000002   PAD
    0x08000bb4   0x08000bb4   0x00000012   Code   RO          179    .text.EXTI9_5_IRQHandler  stm32f1xx_it.o
    0x08000bc6   0x08000bc6   0x00000002   PAD
    0x08000bc8   0x08000bc8   0x0000000e   Code   RO           56    .text.Error_Handler  main.o
    0x08000bd6   0x08000bd6   0x00000002   PAD
    0x08000bd8   0x08000bd8   0x0000002c   Code   RO          627    .text.FLASH_MassErase  stm32f1xx_hal_flash_ex.o
    0x08000c04   0x08000c04   0x00000038   Code   RO          629    .text.FLASH_PageErase  stm32f1xx_hal_flash_ex.o
    0x08000c3c   0x08000c3c   0x00000030   Code   RO          593    .text.FLASH_Program_HalfWord  stm32f1xx_hal_flash.o
    0x08000c6c   0x08000c6c   0x0000010e   Code   RO          599    .text.FLASH_SetErrorCode  stm32f1xx_hal_flash.o
    0x08000d7a   0x08000d7a   0x00000002   PAD
    0x08000d7c   0x08000d7c   0x00000118   Code   RO          591    .text.FLASH_WaitForLastOperation  stm32f1xx_hal_flash.o
    0x08000e94   0x08000e94   0x00000030   Code   RO          185    .text.Flash_Load    stm32f1xx_it.o
    0x08000ec4   0x08000ec4   0x0000009a   Code   RO          183    .text.Flash_Save    stm32f1xx_it.o
    0x08000f5e   0x08000f5e   0x00000002   PAD
    0x08000f60   0x08000f60   0x000001b4   Code   RO          263    .text.HAL_ADC_ConfigChannel  stm32f1xx_hal_adc.o
    0x08001114   0x08001114   0x00000008   Code   RO          255    .text.HAL_ADC_ConvCpltCallback  stm32f1xx_hal_adc.o
    0x0800111c   0x0800111c   0x00000008   Code   RO          259    .text.HAL_ADC_ConvHalfCpltCallback  stm32f1xx_hal_adc.o
    0x08001124   0x08001124   0x00000008   Code   RO          261    .text.HAL_ADC_ErrorCallback  stm32f1xx_hal_adc.o
    0x0800112c   0x0800112c   0x00000212   Code   RO          217    .text.HAL_ADC_Init  stm32f1xx_hal_adc.o
    0x0800133e   0x0800133e   0x00000002   PAD
    0x08001340   0x08001340   0x00000100   Code   RO           79    .text.HAL_ADC_MspInit  adc.o
    0x08001440   0x08001440   0x00000226   Code   RO          241    .text.HAL_ADC_Start_DMA  stm32f1xx_hal_adc.o
    0x08001666   0x08001666   0x00000002   PAD
    0x08001668   0x08001668   0x00000286   Code   RO          464    .text.HAL_DMA_IRQHandler  stm32f1xx_hal_dma.o
    0x080018ee   0x080018ee   0x00000002   PAD
    0x080018f0   0x080018f0   0x000000ae   Code   RO          448    .text.HAL_DMA_Init  stm32f1xx_hal_dma.o
    0x0800199e   0x0800199e   0x00000002   PAD
    0x080019a0   0x080019a0   0x000000ca   Code   RO          456    .text.HAL_DMA_Start_IT  stm32f1xx_hal_dma.o
    0x08001a6a   0x08001a6a   0x00000002   PAD
    0x08001a6c   0x08001a6c   0x00000012   Code   RO         1521    .text.HAL_Delay     delay.o
    0x08001a7e   0x08001a7e   0x00000002   PAD
    0x08001a80   0x08001a80   0x0000010a   Code   RO          625    .text.HAL_FLASHEx_Erase  stm32f1xx_hal_flash_ex.o
    0x08001b8a   0x08001b8a   0x00000002   PAD
    0x08001b8c   0x08001b8c   0x00000014   Code   RO          607    .text.HAL_FLASH_Lock  stm32f1xx_hal_flash.o
    0x08001ba0   0x08001ba0   0x0000012c   Code   RO          589    .text.HAL_FLASH_Program  stm32f1xx_hal_flash.o
    0x08001ccc   0x08001ccc   0x0000005a   Code   RO          605    .text.HAL_FLASH_Unlock  stm32f1xx_hal_flash.o
    0x08001d26   0x08001d26   0x00000002   PAD
    0x08001d28   0x08001d28   0x00000276   Code   RO          181    .text.HAL_GPIO_EXTI_Callback  stm32f1xx_it.o
    0x08001f9e   0x08001f9e   0x00000002   PAD
    0x08001fa0   0x08001fa0   0x00000038   Code   RO          437    .text.HAL_GPIO_EXTI_IRQHandler  stm32f1xx_hal_gpio.o
    0x08001fd8   0x08001fd8   0x0000031e   Code   RO          425    .text.HAL_GPIO_Init  stm32f1xx_hal_gpio.o
    0x080022f6   0x080022f6   0x00000002   PAD
    0x080022f8   0x080022f8   0x0000002e   Code   RO          429    .text.HAL_GPIO_ReadPin  stm32f1xx_hal_gpio.o
    0x08002326   0x08002326   0x00000002   PAD
    0x08002328   0x08002328   0x0000002e   Code   RO          431    .text.HAL_GPIO_WritePin  stm32f1xx_hal_gpio.o
    0x08002356   0x08002356   0x00000002   PAD
    0x08002358   0x08002358   0x0000000c   Code   RO          323    .text.HAL_GetTick   stm32f1xx_hal.o
    0x08002364   0x08002364   0x0000001a   Code   RO          321    .text.HAL_IncTick   stm32f1xx_hal.o
    0x0800237e   0x0800237e   0x00000002   PAD
    0x08002380   0x08002380   0x00000026   Code   RO          311    .text.HAL_Init      stm32f1xx_hal.o
    0x080023a6   0x080023a6   0x00000002   PAD
    0x080023a8   0x080023a8   0x00000070   Code   RO          313    .text.HAL_InitTick  stm32f1xx_hal.o
    0x08002418   0x08002418   0x00000064   Code   RO          196    .text.HAL_MspInit   stm32f1xx_hal_msp.o
    0x0800247c   0x0800247c   0x00000014   Code   RO          493    .text.HAL_NVIC_EnableIRQ  stm32f1xx_hal_cortex.o
    0x08002490   0x08002490   0x00000032   Code   RO          485    .text.HAL_NVIC_SetPriority  stm32f1xx_hal_cortex.o
    0x080024c2   0x080024c2   0x00000002   PAD
    0x080024c4   0x080024c4   0x00000010   Code   RO          481    .text.HAL_NVIC_SetPriorityGrouping  stm32f1xx_hal_cortex.o
    0x080024d4   0x080024d4   0x000001c8   Code   RO          410    .text.HAL_RCCEx_PeriphCLKConfig  stm32f1xx_hal_rcc_ex.o
    0x0800269c   0x0800269c   0x00000256   Code   RO          377    .text.HAL_RCC_ClockConfig  stm32f1xx_hal_rcc.o
    0x080028f2   0x080028f2   0x00000002   PAD
    0x080028f4   0x080028f4   0x0000000c   Code   RO          387    .text.HAL_RCC_GetHCLKFreq  stm32f1xx_hal_rcc.o
    0x08002900   0x08002900   0x00000022   Code   RO          389    .text.HAL_RCC_GetPCLK1Freq  stm32f1xx_hal_rcc.o
    0x08002922   0x08002922   0x00000002   PAD
    0x08002924   0x08002924   0x00000022   Code   RO          391    .text.HAL_RCC_GetPCLK2Freq  stm32f1xx_hal_rcc.o
    0x08002946   0x08002946   0x00000002   PAD
    0x08002948   0x08002948   0x000000bc   Code   RO          379    .text.HAL_RCC_GetSysClockFreq  stm32f1xx_hal_rcc.o
    0x08002a04   0x08002a04   0x0000067a   Code   RO          373    .text.HAL_RCC_OscConfig  stm32f1xx_hal_rcc.o
    0x0800307e   0x0800307e   0x00000002   PAD
    0x08003080   0x08003080   0x000000fa   Code   RO          689    .text.HAL_SPI_Init  stm32f1xx_hal_spi.o
    0x0800317a   0x0800317a   0x00000002   PAD
    0x0800317c   0x0800317c   0x00000098   Code   RO          102    .text.HAL_SPI_MspInit  spi.o
    0x08003214   0x08003214   0x000003a2   Code   RO          703    .text.HAL_SPI_TransmitReceive  stm32f1xx_hal_spi.o
    0x080035b6   0x080035b6   0x00000002   PAD
    0x080035b8   0x080035b8   0x00000034   Code   RO          533    .text.HAL_SYSTICK_CLKSourceConfig  stm32f1xx_hal_cortex.o
    0x080035ec   0x080035ec   0x00000010   Code   RO          505    .text.HAL_SYSTICK_Config  stm32f1xx_hal_cortex.o
    0x080035fc   0x080035fc   0x000000dc   Code   RO         1119    .text.HAL_TIMEx_MasterConfigSynchronization  stm32f1xx_hal_tim_ex.o
    0x080036d8   0x080036d8   0x0000009c   Code   RO          806    .text.HAL_TIM_Base_Init  stm32f1xx_hal_tim.o
    0x08003774   0x08003774   0x000000d0   Code   RO          124    .text.HAL_TIM_Base_MspInit  tim.o
    0x08003844   0x08003844   0x000000a4   Code   RO          816    .text.HAL_TIM_Base_Start  stm32f1xx_hal_tim.o
    0x080038e8   0x080038e8   0x00000184   Code   RO          998    .text.HAL_TIM_ConfigClockSource  stm32f1xx_hal_tim.o
    0x08003a6c   0x08003a6c   0x000000d2   Code   RO          118    .text.HAL_TIM_MspPostInit  tim.o
    0x08003b3e   0x08003b3e   0x00000002   PAD
    0x08003b40   0x08003b40   0x00000142   Code   RO          972    .text.HAL_TIM_PWM_ConfigChannel  stm32f1xx_hal_tim.o
    0x08003c82   0x08003c82   0x00000002   PAD
    0x08003c84   0x08003c84   0x0000009c   Code   RO          860    .text.HAL_TIM_PWM_Init  stm32f1xx_hal_tim.o
    0x08003d20   0x08003d20   0x00000008   Code   RO          862    .text.HAL_TIM_PWM_MspInit  stm32f1xx_hal_tim.o
    0x08003d28   0x08003d28   0x0000009e   Code   RO         1142    .text.HAL_UART_Init  stm32f1xx_hal_uart.o
    0x08003dc6   0x08003dc6   0x00000002   PAD
    0x08003dc8   0x08003dc8   0x00000094   Code   RO          141    .text.HAL_UART_MspInit  usart.o
    0x08003e5c   0x08003e5c   0x00000004   Code   RO          155    .text.HardFault_Handler  stm32f1xx_it.o
    0x08003e60   0x08003e60   0x00000054   Code   RO         1461    .text.IIC_Start     oled.o
    0x08003eb4   0x08003eb4   0x00000046   Code   RO         1463    .text.IIC_Stop      oled.o
    0x08003efa   0x08003efa   0x00000002   PAD
    0x08003efc   0x08003efc   0x0000005c   Code   RO         1465    .text.IIC_Wait_Ack  oled.o
    0x08003f58   0x08003f58   0x0000014a   Code   RO           77    .text.MX_ADC1_Init  adc.o
    0x080040a2   0x080040a2   0x00000002   PAD
    0x080040a4   0x080040a4   0x00000038   Code   RO           92    .text.MX_DMA_Init   dma.o
    0x080040dc   0x080040dc   0x00000196   Code   RO           69    .text.MX_GPIO_Init  gpio.o
    0x08004272   0x08004272   0x00000002   PAD
    0x08004274   0x08004274   0x0000004e   Code   RO          100    .text.MX_SPI2_Init  spi.o
    0x080042c2   0x080042c2   0x00000002   PAD
    0x080042c4   0x080042c4   0x0000008a   Code   RO          114    .text.MX_TIM1_Init  tim.o
    0x0800434e   0x0800434e   0x00000002   PAD
    0x08004350   0x08004350   0x000000d4   Code   RO          116    .text.MX_TIM2_Init  tim.o
    0x08004424   0x08004424   0x00000088   Code   RO          120    .text.MX_TIM3_Init  tim.o
    0x080044ac   0x080044ac   0x000000da   Code   RO          122    .text.MX_TIM4_Init  tim.o
    0x08004586   0x08004586   0x00000002   PAD
    0x08004588   0x08004588   0x00000040   Code   RO          139    .text.MX_USART2_UART_Init  usart.o
    0x080045c8   0x080045c8   0x00000004   Code   RO          157    .text.MemManage_Handler  stm32f1xx_it.o
    0x080045cc   0x080045cc   0x00000004   Code   RO          153    .text.NMI_Handler   stm32f1xx_it.o
    0x080045d0   0x080045d0   0x0000006c   Code   RO          491    .text.NVIC_EncodePriority  stm32f1xx_hal_cortex.o
    0x0800463c   0x0800463c   0x0000006e   Code   RO         1485    .text.OLED_Clear    oled.o
    0x080046aa   0x080046aa   0x00000002   PAD
    0x080046ac   0x080046ac   0x000000c6   Code   RO         1503    .text.OLED_Init     oled.o
    0x08004772   0x08004772   0x00000002   PAD
    0x08004774   0x08004774   0x0000003a   Code   RO         1477    .text.OLED_Set_Pos  oled.o
    0x080047ae   0x080047ae   0x00000002   PAD
    0x080047b0   0x080047b0   0x00000242   Code   RO         1493    .text.OLED_ShowChar_Complete  oled.o
    0x080049f2   0x080049f2   0x00000002   PAD
    0x080049f4   0x080049f4   0x0000008c   Code   RO         1501    .text.OLED_ShowString  oled.o
    0x08004a80   0x08004a80   0x00000026   Code   RO         1473    .text.OLED_WR_Byte  oled.o
    0x08004aa6   0x08004aa6   0x00000002   PAD
    0x08004aa8   0x08004aa8   0x00000002   Code   RO          167    .text.PendSV_Handler  stm32f1xx_it.o
    0x08004aaa   0x08004aaa   0x00000002   PAD
    0x08004aac   0x08004aac   0x0000003a   Code   RO          375    .text.RCC_Delay     stm32f1xx_hal_rcc.o
    0x08004ae6   0x08004ae6   0x00000002   PAD
    0x08004ae8   0x08004ae8   0x0000006a   Code   RO          699    .text.SPI_EndRxTxTransaction  stm32f1xx_hal_spi.o
    0x08004b52   0x08004b52   0x00000002   PAD
    0x08004b54   0x08004b54   0x0000012a   Code   RO          797    .text.SPI_WaitFlagStateUntilTimeout  stm32f1xx_hal_spi.o
    0x08004c7e   0x08004c7e   0x00000002   PAD
    0x08004c80   0x08004c80   0x00000002   Code   RO          163    .text.SVC_Handler   stm32f1xx_it.o
    0x08004c82   0x08004c82   0x00000002   PAD
    0x08004c84   0x08004c84   0x00000052   Code   RO          507    .text.SysTick_Config  stm32f1xx_hal_cortex.o
    0x08004cd6   0x08004cd6   0x00000002   PAD
    0x08004cd8   0x08004cd8   0x00000008   Code   RO          169    .text.SysTick_Handler  stm32f1xx_it.o
    0x08004ce0   0x08004ce0   0x00000090   Code   RO           54    .text.SystemClock_Config  main.o
    0x08004d70   0x08004d70   0x00000002   Code   RO         1273    .text.SystemInit    system_stm32f1xx.o
    0x08004d72   0x08004d72   0x00000002   PAD
    0x08004d74   0x08004d74   0x00000106   Code   RO          810    .text.TIM_Base_SetConfig  stm32f1xx_hal_tim.o
    0x08004e7a   0x08004e7a   0x00000002   PAD
    0x08004e7c   0x08004e7c   0x00000034   Code   RO          996    .text.TIM_ETR_SetConfig  stm32f1xx_hal_tim.o
    0x08004eb0   0x08004eb0   0x0000002a   Code   RO         1002    .text.TIM_ITRx_SetConfig  stm32f1xx_hal_tim.o
    0x08004eda   0x08004eda   0x00000002   PAD
    0x08004edc   0x08004edc   0x000000ce   Code   RO          954    .text.TIM_OC1_SetConfig  stm32f1xx_hal_tim.o
    0x08004faa   0x08004faa   0x00000002   PAD
    0x08004fac   0x08004fac   0x000000d8   Code   RO          956    .text.TIM_OC2_SetConfig  stm32f1xx_hal_tim.o
    0x08005084   0x08005084   0x000000d6   Code   RO          958    .text.TIM_OC3_SetConfig  stm32f1xx_hal_tim.o
    0x0800515a   0x0800515a   0x00000002   PAD
    0x0800515c   0x0800515c   0x00000096   Code   RO          960    .text.TIM_OC4_SetConfig  stm32f1xx_hal_tim.o
    0x080051f2   0x080051f2   0x00000002   PAD
    0x080051f4   0x080051f4   0x00000050   Code   RO         1000    .text.TIM_TI1_ConfigInputStage  stm32f1xx_hal_tim.o
    0x08005244   0x08005244   0x00000052   Code   RO         1004    .text.TIM_TI2_ConfigInputStage  stm32f1xx_hal_tim.o
    0x08005296   0x08005296   0x00000002   PAD
    0x08005298   0x08005298   0x000000ba   Code   RO         1146    .text.UART_SetConfig  stm32f1xx_hal_uart.o
    0x08005352   0x08005352   0x00000002   PAD
    0x08005354   0x08005354   0x00000004   Code   RO          161    .text.UsageFault_Handler  stm32f1xx_it.o
    0x08005358   0x08005358   0x000000b6   Code   RO         1467    .text.Write_IIC_Byte  oled.o
    0x0800540e   0x0800540e   0x00000002   PAD
    0x08005410   0x08005410   0x00000034   Code   RO         1469    .text.Write_IIC_Command  oled.o
    0x08005444   0x08005444   0x00000034   Code   RO         1471    .text.Write_IIC_Data  oled.o
    0x08005478   0x08005478   0x00000030   Code   RO          495    .text.__NVIC_EnableIRQ  stm32f1xx_hal_cortex.o
    0x080054a8   0x080054a8   0x00000010   Code   RO          487    .text.__NVIC_GetPriorityGrouping  stm32f1xx_hal_cortex.o
    0x080054b8   0x080054b8   0x00000042   Code   RO          489    .text.__NVIC_SetPriority  stm32f1xx_hal_cortex.o
    0x080054fa   0x080054fa   0x00000002   PAD
    0x080054fc   0x080054fc   0x0000003c   Code   RO          483    .text.__NVIC_SetPriorityGrouping  stm32f1xx_hal_cortex.o
    0x08005538   0x08005538   0x0000002a   Code   RO         1330    .text.atk_mo395q_cmd_check_exist  atk_mo395q_cmd.o
    0x08005562   0x08005562   0x00000002   PAD
    0x08005564   0x08005564   0x0000006e   Code   RO         1388    .text.atk_mo395q_cmd_close_socket_sn  atk_mo395q_cmd.o
    0x080055d2   0x080055d2   0x00000002   PAD
    0x080055d4   0x080055d4   0x0000006e   Code   RO         1396    .text.atk_mo395q_cmd_dhcp_enable  atk_mo395q_cmd.o
    0x08005642   0x08005642   0x00000002   PAD
    0x08005644   0x08005644   0x0000001e   Code   RO         1348    .text.atk_mo395q_cmd_get_cmd_status  atk_mo395q_cmd.o
    0x08005662   0x08005662   0x00000002   PAD
    0x08005664   0x08005664   0x00000036   Code   RO         1398    .text.atk_mo395q_cmd_get_dhcp_status  atk_mo395q_cmd.o
    0x0800569a   0x0800569a   0x00000002   PAD
    0x0800569c   0x0800569c   0x00000036   Code   RO         1328    .text.atk_mo395q_cmd_get_glob_int_status_all  atk_mo395q_cmd.o
    0x080056d2   0x080056d2   0x00000002   PAD
    0x080056d4   0x080056d4   0x0000001e   Code   RO         1320    .text.atk_mo395q_cmd_get_ic_version  atk_mo395q_cmd.o
    0x080056f2   0x080056f2   0x00000002   PAD
    0x080056f4   0x080056f4   0x00000030   Code   RO         1364    .text.atk_mo395q_cmd_get_int_status_sn  atk_mo395q_cmd.o
    0x08005724   0x08005724   0x000000be   Code   RO         1400    .text.atk_mo395q_cmd_get_ip_inf  atk_mo395q_cmd.o
    0x080057e2   0x080057e2   0x00000002   PAD
    0x080057e4   0x080057e4   0x0000001e   Code   RO         1344    .text.atk_mo395q_cmd_get_phy_status  atk_mo395q_cmd.o
    0x08005802   0x08005802   0x00000002   PAD
    0x08005804   0x08005804   0x0000003c   Code   RO         1384    .text.atk_mo395q_cmd_get_recv_len_sn  atk_mo395q_cmd.o
    0x08005840   0x08005840   0x0000005a   Code   RO         1358    .text.atk_mo395q_cmd_get_remot_ipp_sn  atk_mo395q_cmd.o
    0x0800589a   0x0800589a   0x00000002   PAD
    0x0800589c   0x0800589c   0x00000062   Code   RO         1346    .text.atk_mo395q_cmd_init_ch395  atk_mo395q_cmd.o
    0x080058fe   0x080058fe   0x00000002   PAD
    0x08005900   0x08005900   0x0000006e   Code   RO         1374    .text.atk_mo395q_cmd_open_socket_sn  atk_mo395q_cmd.o
    0x0800596e   0x0800596e   0x00000002   PAD
    0x08005970   0x08005970   0x00000076   Code   RO         1386    .text.atk_mo395q_cmd_read_recv_buf_sn  atk_mo395q_cmd.o
    0x080059e6   0x080059e6   0x00000002   PAD
    0x080059e8   0x080059e8   0x0000000e   Code   RO         1326    .text.atk_mo395q_cmd_reset_all  atk_mo395q_cmd.o
    0x080059f6   0x080059f6   0x00000002   PAD
    0x080059f8   0x080059f8   0x00000032   Code   RO         1368    .text.atk_mo395q_cmd_set_des_port_sn  atk_mo395q_cmd.o
    0x08005a2a   0x08005a2a   0x00000002   PAD
    0x08005a2c   0x08005a2c   0x00000040   Code   RO         1338    .text.atk_mo395q_cmd_set_gwip_addr  atk_mo395q_cmd.o
    0x08005a6c   0x08005a6c   0x00000040   Code   RO         1336    .text.atk_mo395q_cmd_set_ip_addr  atk_mo395q_cmd.o
    0x08005aac   0x08005aac   0x00000040   Code   RO         1366    .text.atk_mo395q_cmd_set_ip_addr_sn  atk_mo395q_cmd.o
    0x08005aec   0x08005aec   0x0000001e   Code   RO         1416    .text.atk_mo395q_cmd_set_keep_live_cnt  atk_mo395q_cmd.o
    0x08005b0a   0x08005b0a   0x00000002   PAD
    0x08005b0c   0x08005b0c   0x00000034   Code   RO         1412    .text.atk_mo395q_cmd_set_keep_live_idle  atk_mo395q_cmd.o
    0x08005b40   0x08005b40   0x00000034   Code   RO         1414    .text.atk_mo395q_cmd_set_keep_live_intvl  atk_mo395q_cmd.o
    0x08005b74   0x08005b74   0x0000002a   Code   RO         1418    .text.atk_mo395q_cmd_set_keep_live_sn  atk_mo395q_cmd.o
    0x08005b9e   0x08005b9e   0x00000002   PAD
    0x08005ba0   0x08005ba0   0x00000040   Code   RO         1340    .text.atk_mo395q_cmd_set_mask_addr  atk_mo395q_cmd.o
    0x08005be0   0x08005be0   0x0000002a   Code   RO         1372    .text.atk_mo395q_cmd_set_proto_type_sn  atk_mo395q_cmd.o
    0x08005c0a   0x08005c0a   0x00000002   PAD
    0x08005c0c   0x08005c0c   0x00000032   Code   RO         1370    .text.atk_mo395q_cmd_set_sour_port_sn  atk_mo395q_cmd.o
    0x08005c3e   0x08005c3e   0x00000002   PAD
    0x08005c40   0x08005c40   0x0000002a   Code   RO         1404    .text.atk_mo395q_cmd_set_ttl  atk_mo395q_cmd.o
    0x08005c6a   0x08005c6a   0x00000002   PAD
    0x08005c6c   0x08005c6c   0x0000006e   Code   RO         1378    .text.atk_mo395q_cmd_tcp_connect_sn  atk_mo395q_cmd.o
    0x08005cda   0x08005cda   0x00000002   PAD
    0x08005cdc   0x08005cdc   0x0000006e   Code   RO         1376    .text.atk_mo395q_cmd_tcp_listen_sn  atk_mo395q_cmd.o
    0x08005d4a   0x08005d4a   0x00000002   PAD
    0x08005d4c   0x08005d4c   0x00000064   Code   RO         1382    .text.atk_mo395q_cmd_write_send_buf_sn  atk_mo395q_cmd.o
    0x08005db0   0x08005db0   0x00000102   Code   RO         1301    .text.atk_mo395q_global_interrupt_handler  atk_mo395q.o
    0x08005eb2   0x08005eb2   0x00000002   PAD
    0x08005eb4   0x08005eb4   0x00000566   Code   RO         1299    .text.atk_mo395q_handler  atk_mo395q.o
    0x0800641a   0x0800641a   0x00000002   PAD
    0x0800641c   0x0800641c   0x0000001a   Code   RO         1289    .text.atk_mo395q_hw_init  atk_mo395q.o
    0x08006436   0x08006436   0x00000002   PAD
    0x08006438   0x08006438   0x0000003c   Code   RO         1291    .text.atk_mo395q_hw_reset  atk_mo395q.o
    0x08006474   0x08006474   0x00000060   Code   RO         1287    .text.atk_mo395q_init  atk_mo395q.o
    0x080064d4   0x080064d4   0x0000001a   Code   RO         1295    .text.atk_mo395q_keeplive_init  atk_mo395q.o
    0x080064ee   0x080064ee   0x00000002   PAD
    0x080064f0   0x080064f0   0x000000e2   Code   RO         1303    .text.atk_mo395q_net_config  atk_mo395q.o
    0x080065d2   0x080065d2   0x00000002   PAD
    0x080065d4   0x080065d4   0x00000066   Code   RO         1297    .text.atk_mo395q_parameter_init  atk_mo395q.o
    0x0800663a   0x0800663a   0x00000002   PAD
    0x0800663c   0x0800663c   0x00000084   Code   RO         1305    .text.atk_mo395q_socket_config  atk_mo395q.o
    0x080066c0   0x080066c0   0x000001d8   Code   RO         1307    .text.atk_mo395q_socket_interrupt_handler  atk_mo395q.o
    0x08006898   0x08006898   0x0000001a   Code   RO         1430    .text.atk_mo395q_spi_end_cmd  atk_mo395q_cmd.o
    0x080068b2   0x080068b2   0x00000002   PAD
    0x080068b4   0x080068b4   0x0000001a   Code   RO         1449    .text.atk_mo395q_spi_end_cmd  atk_mo395q_spi.o
    0x080068ce   0x080068ce   0x00000002   PAD
    0x080068d0   0x080068d0   0x0000001a   Code   RO         1439    .text.atk_mo395q_spi_init  atk_mo395q_spi.o
    0x080068ea   0x080068ea   0x00000002   PAD
    0x080068ec   0x080068ec   0x00000016   Code   RO         1447    .text.atk_mo395q_spi_read_dat  atk_mo395q_spi.o
    0x08006902   0x08006902   0x00000002   PAD
    0x08006904   0x08006904   0x0000001a   Code   RO         1451    .text.atk_mo395q_spi_start_cmd  atk_mo395q_spi.o
    0x0800691e   0x0800691e   0x00000002   PAD
    0x08006920   0x08006920   0x00000022   Code   RO         1441    .text.atk_mo395q_spi_write_cmd  atk_mo395q_spi.o
    0x08006942   0x08006942   0x00000002   PAD
    0x08006944   0x08006944   0x00000014   Code   RO         1445    .text.atk_mo395q_spi_write_dat  atk_mo395q_spi.o
    0x08006958   0x08006958   0x0000002e   Code   RO         1443    .text.atk_mo395q_spi_write_read_byte  atk_mo395q_spi.o
    0x08006986   0x08006986   0x00000002   PAD
    0x08006988   0x08006988   0x0000000e   Code   RO         1293    .text.atk_mo395q_sw_reset  atk_mo395q.o
    0x08006996   0x08006996   0x00000002   PAD
    0x08006998   0x08006998   0x0000002c   Code   RO         1515    .text.delay_init    delay.o
    0x080069c4   0x080069c4   0x00000060   Code   RO         1519    .text.delay_ms      delay.o
    0x08006a24   0x08006a24   0x0000008c   Code   RO         1517    .text.delay_us      delay.o
    0x08006ab0   0x08006ab0   0x0000001e   Code   RO           15    .text.dhcp_success_cb  user.o
    0x08006ace   0x08006ace   0x00000002   PAD
    0x08006ad0   0x08006ad0   0x000000c0   Code   RO           52    .text.main          main.o
    0x08006b90   0x08006b90   0x00000024   Code   RO           11    .text.phy_conn_cb   user.o
    0x08006bb4   0x08006bb4   0x0000001a   Code   RO           13    .text.phy_disconn_cb  user.o
    0x08006bce   0x08006bce   0x00000002   PAD
    0x08006bd0   0x08006bd0   0x00000050   Code   RO           19    .text.socket_recv_cb  user.o
    0x08006c20   0x08006c20   0x0000003a   Code   RO           17    .text.socket_send_buf_free_cb  user.o
    0x08006c5a   0x08006c5a   0x00000002   PAD
    0x08006c5c   0x08006c5c   0x00000164   Code   RO           23    .text.system_init   user.o
    0x08006dc0   0x08006dc0   0x000000fa   Code   RO           25    .text.system_run    user.o
    0x08006eba   0x08006eba   0x00000002   PAD
    0x08006ebc   0x08006ebc   0x00000028   Code   RO         1542    i.__0sprintf        mc_w.l(printfa.o)
    0x08006ee4   0x08006ee4   0x0000000e   Code   RO         1634    i.__scatterload_copy  mc_w.l(handlers.o)
    0x08006ef2   0x08006ef2   0x00000002   Code   RO         1635    i.__scatterload_null  mc_w.l(handlers.o)
    0x08006ef4   0x08006ef4   0x0000000e   Code   RO         1636    i.__scatterload_zeroinit  mc_w.l(handlers.o)
    0x08006f02   0x08006f02   0x00000002   PAD
    0x08006f04   0x08006f04   0x00000184   Code   RO         1547    i._fp_digits        mc_w.l(printfa.o)
    0x08007088   0x08007088   0x000006dc   Code   RO         1548    i._printf_core      mc_w.l(printfa.o)
    0x08007764   0x08007764   0x00000024   Code   RO         1549    i._printf_post_padding  mc_w.l(printfa.o)
    0x08007788   0x08007788   0x0000002e   Code   RO         1550    i._printf_pre_padding  mc_w.l(printfa.o)
    0x080077b6   0x080077b6   0x0000000a   Code   RO         1552    i._sputc            mc_w.l(printfa.o)
    0x080077c0   0x080077c0   0x00000010   Data   RO         1278    .rodata.AHBPrescTable  system_stm32f1xx.o
    0x080077d0   0x080077d0   0x00000008   Data   RO         1279    .rodata.APBPrescTable  system_stm32f1xx.o
    0x080077d8   0x080077d8   0x00000228   Data   RO         1505    .rodata.F6x8        oled.o
    0x08007a00   0x08007a00   0x000005f0   Data   RO         1506    .rodata.F8X16       oled.o
    0x08007ff0   0x08007ff0   0x00000010   Data   RO          401    .rodata.HAL_RCC_GetSysClockFreq.aPLLMULFactorTable  stm32f1xx_hal_rcc.o
    0x08008000   0x08008000   0x00000002   Data   RO          402    .rodata.HAL_RCC_GetSysClockFreq.aPredivFactorTable  stm32f1xx_hal_rcc.o
    0x08008002   0x08008002   0x0000000f   Data   RO           60    .rodata.str1.1      main.o
    0x08008011   0x08008011   0x0000000d   Data   RO          188    .rodata.str1.1      stm32f1xx_it.o
    0x0800801e   0x0800801e   0x00000002   PAD
    0x08008020   0x08008020   0x00000020   Data   RO         1633    Region$$Table       anon$$obj.o


    Execution Region RW_IRAM1 (Exec base: 0x20000000, Load base: 0x08008040, Size: 0x00000da0, Max: 0x00005000, ABSOLUTE)

    Exec Addr    Load Addr    Size         Type   Attr      Idx    E Section Name        Object

    0x20000000   0x08008040   0x00000004   Data   RW           32    .data.IP            user.o
    0x20000004   0x08008044   0x00000004   Data   RW         1277    .data.SystemCoreClock  system_stm32f1xx.o
    0x20000008   0x08008048   0x00000001   Data   RW         1310    .data.atk_mo395q_handler.last_dhcp_status  atk_mo395q.o
    0x20000009   0x08008049   0x00000001   Data   RW         1309    .data.atk_mo395q_handler.last_phy_status  atk_mo395q.o
    0x2000000a   0x0800804a   0x00000001   Data   RW         1311    .data.atk_mo395q_handler.last_static_status  atk_mo395q.o
    0x2000000b   0x0800804b   0x00000001   Data   RW           37    .data.call_name     user.o
    0x2000000c   0x0800804c   0x00000001   Data   RW           38    .data.data_type     user.o
    0x2000000d   0x0800804d   0x00000001   Data   RW           35    .data.socket0_send_done  user.o
    0x2000000e   0x0800804e   0x00000001   Data   RW           36    .data.socket1_send_done  user.o
    0x2000000f   0x0800804f   0x00000001   Data   RW           39    .data.status        user.o
    0x20000010   0x08008050   0x00000001   Data   RW          362    .data.uwTickFreq    stm32f1xx_hal.o
    0x20000011   0x08008051   0x00000003   PAD
    0x20000014   0x08008054   0x00000004   Data   RW          361    .data.uwTickPrio    stm32f1xx_hal.o
    0x20000018        -       0x00000010   Zero   RW           58    .bss.dataBuf        main.o
    0x20000028        -       0x00000058   Zero   RW         1453    .bss.g_atk_mo395q_spi  atk_mo395q_spi.o
    0x20000080        -       0x00000234   Zero   RW         1312    .bss.g_atk_mo395q_sta  atk_mo395q.o
    0x200002b4        -       0x00000002   Zero   RW         1523    .bss.g_fac_us       delay.o
    0x200002b6   0x08008058   0x00000002   PAD
    0x200002b8        -       0x00000030   Zero   RW           83    .bss.hadc1          adc.o
    0x200002e8        -       0x00000044   Zero   RW           84    .bss.hdma_adc1      adc.o
    0x2000032c        -       0x00000058   Zero   RW          106    .bss.hspi2          spi.o
    0x20000384        -       0x00000048   Zero   RW          128    .bss.htim1          tim.o
    0x200003cc        -       0x00000048   Zero   RW          129    .bss.htim2          tim.o
    0x20000414        -       0x00000048   Zero   RW          130    .bss.htim3          tim.o
    0x2000045c        -       0x00000048   Zero   RW          131    .bss.htim4          tim.o
    0x200004a4        -       0x00000048   Zero   RW          145    .bss.huart2         usart.o
    0x200004ec        -       0x00000001   Zero   RW          187    .bss.input_mode     stm32f1xx_it.o
    0x200004ed   0x08008058   0x00000003   PAD
    0x200004f0        -       0x00000020   Zero   RW          617    .bss.pFlash         stm32f1xx_hal_flash.o
    0x20000510        -       0x00000200   Zero   RW           41    .bss.socket0_recv_buf  user.o
    0x20000710        -       0x00000020   Zero   RW           40    .bss.socket0_send_buf  user.o
    0x20000730        -       0x00000200   Zero   RW           43    .bss.socket1_recv_buf  user.o
    0x20000930        -       0x00000020   Zero   RW           42    .bss.socket1_send_buf  user.o
    0x20000950        -       0x0000003c   Zero   RW           31    .bss.socket_config  user.o
    0x2000098c        -       0x00000010   Zero   RW           59    .bss.string         main.o
    0x2000099c        -       0x00000004   Zero   RW          363    .bss.uwTick         stm32f1xx_hal.o
    0x200009a0        -       0x00000400   Zero   RW            1    STACK               startup_stm32f103xb.o


==============================================================================

Image component sizes


      Code (inc. data)   RO Data    RW Data    ZI Data      Debug   Object Name

       586          0          0          0        116       4246   adc.o
      2794          0          0          3        564       5536   atk_mo395q.o
      2150          0          0          0          0      11812   atk_mo395q_cmd.o
       200          0          0          0         88       4176   atk_mo395q_spi.o
       298          0          0          0          2       1479   delay.o
        56          0          0          0          0       2017   dma.o
       406          0          0          0          0       2694   gpio.o
       350          0         15          0         32       2690   main.o
      1654          0       2072          0          0       6507   oled.o
       230          0          0          0         88       4102   spi.o
        36          8        236          0       1024        812   startup_stm32f103xb.o
       188          0          0          5          4       5579   stm32f1xx_hal.o
      2042          0          0          0          0       9418   stm32f1xx_hal_adc.o
       534          0          0          0          0       7565   stm32f1xx_hal_cortex.o
      1102          0          0          0          0       6318   stm32f1xx_hal_dma.o
      1008          0          0          0         32       4825   stm32f1xx_hal_flash.o
       366          0          0          0          0       5852   stm32f1xx_hal_flash_ex.o
       946          0          0          0          0       4243   stm32f1xx_hal_gpio.o
       100          0          0          0          0       1217   stm32f1xx_hal_msp.o
      2582          0         18          0          0       7444   stm32f1xx_hal_rcc.o
       456          0          0          0          0       3141   stm32f1xx_hal_rcc_ex.o
      1584          0          0          0          0      18950   stm32f1xx_hal_spi.o
      2498         14          0          0          0      35681   stm32f1xx_hal_tim.o
       220          0          0          0          0      15126   stm32f1xx_hal_tim_ex.o
       344          0          0          0          0      20070   stm32f1xx_hal_uart.o
       930          0         13          0          1       3915   stm32f1xx_it.o
         2          0         24          4          0       1586   system_stm32f1xx.o
      1122          0          0          0        288       6601   tim.o
       212          0          0          0         72       4113   usart.o
      1464          0          0          9       1148       5580   user.o

    ----------------------------------------------------------------------
     26664         22       2412         24       3464     213295   Object Totals
         0          0         32          0          0          0   (incl. Generated)
       204          0          2          3          5          0   (incl. Padding)

    ----------------------------------------------------------------------

      Code (inc. data)   RO Data    RW Data    ZI Data      Debug   Library Member Name

         0          0          0          0          0          0   entry.o
         0          0          0          0          0          0   entry10a.o
         0          0          0          0          0          0   entry11a.o
         8          4          0          0          0          0   entry2.o
         4          0          0          0          0          0   entry5.o
         0          0          0          0          0          0   entry7b.o
         0          0          0          0          0          0   entry8b.o
         8          4          0          0          0          0   entry9a.o
        30          0          0          0          0          0   handlers.o
        48         10          0          0          0         68   init.o
         0          0          0          0          0          0   iusefp.o
        30          0          0          0          0         68   llshl.o
        36          0          0          0          0         68   llsshr.o
        32          0          0          0          0         68   llushr.o
        36          0          0          0          0         68   memcpya.o
        36          0          0          0          0        108   memseta.o
      2276         86          0          0          0        520   printfa.o
        44          0          0          0          0         80   uidiv.o
        98          0          0          0          0         92   uldiv.o
        48          0          0          0          0         68   cdrcmple.o
       334          0          0          0          0        148   dadd.o
       222          0          0          0          0        100   ddiv.o
       186          0          0          0          0        176   depilogue.o
        48          0          0          0          0         68   dfixul.o
       228          0          0          0          0         96   dmul.o

    ----------------------------------------------------------------------
      3756        104          0          0          0       1796   Library Totals
         4          0          0          0          0          0   (incl. Padding)

    ----------------------------------------------------------------------

      Code (inc. data)   RO Data    RW Data    ZI Data      Debug   Library Name

      2686        104          0          0          0       1140   mc_w.l
      1066          0          0          0          0        656   mf_w.l

    ----------------------------------------------------------------------
      3756        104          0          0          0       1796   Library Totals

    ----------------------------------------------------------------------

==============================================================================


      Code (inc. data)   RO Data    RW Data    ZI Data      Debug   

     30420        126       2412         24       3464     213747   Grand Totals
     30420        126       2412         24       3464     213747   ELF Image Totals
     30420        126       2412         24          0          0   ROM Totals

==============================================================================

    Total RO  Size (Code + RO Data)                32832 (  32.06kB)
    Total RW  Size (RW Data + ZI Data)              3488 (   3.41kB)
    Total ROM Size (Code + RO Data + RW Data)      32856 (  32.09kB)

==============================================================================

